Gliolan
Abacavir / Lamivudine Pharma
Abacavir
Lamivudine
Pharma
Kivexa
Ziagen
Orencia
Verzenios
Abiraterone
Abirateron
Zytiga
Cibinqo
Calquence
Campral
Glucobay
Sectral
Aceclofenac
Air-Tal
Biofenac
Sintrom
Diamox
Lysomucil
Lysox
Acetylcysteine
Acetylcystein
Aspirine-C
Trinomia
Aspirine Cafeine
Aspirine
Cafeine
Aspegic
Sedergine
Asa
Cardioaspirine
Asaflow
Aciclovir
Viratop
Zovirax
Zovirax Duo
Aciclovir Hospira
Hospira
Aciclovir Agepha
Agepha
Herpirax
Neotigason
Duaklir
Bretaris
Dakin Cooper
Cooper
Algisite M
Algisite
Biatain Alginate
Biatain
Alginate
Curasorb
Flaminal
Kaltostat
Kliniderm Alginate
Kliniderm
Medihoney Apinate
Medihoney
Apinate
Sorbalgon
Suprasorb A + AG
Suprasorb
Suprasorb A
Tegaderm Alginate
Tegaderm
L-Mesitran
Comfeel Plus
Comfeel
Duoderm E
Duoderm
Hydrocoll
Kliniderm Hydro
Replicare Ultra
Replicare
Tegaderm Hydrocolloid
Hydrocolloid
Ultec Pro
Curafil
Duoderm Hydrogel
Hydrogel
Hyalo4 Skin
Hyalo4
Hydrosorb
Intrasite
Nu-Gel
Purilon
Tegaderm Hydrogel
Aquacel-Ag
Durafiber
Suprasorb Liquacel
Liquacel
Kliniderm Silicone
Silicone
Lomatuell Pro
Lomatuell
Mepitel
Spycra Contact
Spycra
Contact
Spycra Protect
Protect
Urgotul
Carboflex
Vliwaktiv AG
Vliwaktiv
Allevyn
Askina
Biatain-Ag
Biatain Silicone
Copa
Kliniderm Foam Silicone
Kliniderm Foam
Mepilex-Ag
Mepilex
Permafoam
Polymem Membrane
Polymem
Membrane
Suprasorb P
Tegaderm Foam
Humira
Amgevita
Yuflyma
Hulio
Hyrimoz
Idacio
Imraldi
Epiduo
Differin
Hepsera
Adenocor
Artiss
Tisseel S/D
Tisseel
Reparil
Reparil Gel
Veinofytol
Giotrif
Zaltrap
Eylea
Replagal
Fabrazyme
Valdoxan
Idelvion
Alecensa
Lemtrada
Fosavance
Alendronate
Fosamax
Pulmolast
1 Alpha Leo
Etalpha
Rapifen
Alfuzosine
Xatral
Gaviscon
Myozyme
Praluent
Litican
Oralair
Itulazax
Orylmyte
Acarizax
Soluprick SQ Phleum Pratense
Soluprick
Phleum
Pratense
Grazax
Alutard SQ Bee
Alutard
Alutard SQ Wasp
Allopurinol
Zyloric
Almogran
Vipdomet
Vipidia
Piqray
Alprazolam
Xanax
Alpraz
Caverject
Prostin VR
Prostin
Vytaros
Actilyse
Maalox Antacid
Maalox
Antacid
Spasmine
Simalviane
Ambrisentan
Volibris
Mucoangin
Abelcet Lipid Complex
Abelcet
Complex
AmBisome
Amikacine B. Braun
Amikacine
Arikayce
Amukin
Cordarone
Amiodarone
Amisulpride
Solian
Redomex
Amlor
Amlodipin
Amlodipine
Amlogal
Amorolfine Schollmedical
Amorolfine
Schollmedical
Curanail
Loceryl
Levmentin
Amoxiclav
AmoclaneEG
Augmentin
Amoxicillin / Clavulanic Acid
Amoxicillin
Clavulanic
Delamoxyle
Clamoxyl
Amoxicilline
Flemoxin
Amsidine
Collutabs
Strepsils + Lidocaine
Strepsils
Lidocaine
Anagrelid
Atremia
Xagrid
Kineret
Anastrozole
Anastrozol
Arimidex
Sulfarlem S25
Sulfarlem
Anidulafungine
Anidulafungin
Ecalta
Concentré d’Antithrombine III Baxalta
Concentré
d’Antithrombine
Baxalta
Erleada
Eliquis
APO-GO-PEN
Apomorphine HCl Sterop
Apomorphine
Sterop
Iopidine
Otezla
Emend
Aprepitant
Trasylol
Urocystil
Reverpleg
Abilify
Aripiprazol
Aripiprazole
Aripiprazole Pharma
ArnicaforceMed
Arsenic Trioxide
Arsenic
Trioxide
Trisenox
Riamet
Ubistesin Adrenaline
Ubistesin
Adrenaline
Septanest
Revitalose C 1000
Revitalose
Additiva Vitamin C
Additiva
Vitamin
Upsa-C
C-Will
Sycrest
Atazanavir
Atenolol / Chloortalidone
Atenolol
Chloortalidone
Tenoretic
Tenormin
Tecentriq
Strattera
Lipitor
Atorstatineg
Atorvastatin
Atorvastatine
Atorvastatin HCS
Totalip
Lipertance
Lipercosyl
Tractocile
Wellvone
Atovaquone / Proguanil
Atovaquone
Proguanil
Malarone
Tracrium
Alcon Atropine
Atropine
Atropine Sulfate Sterop
Sulfate
Atropine Sulfate Aguettant
Aguettant
Atropine Sulfate
Holoclar
Spedra
Doptelet
Bavencio
Yescarta
Inlyta
Azacitidine
Azacitidine Betapharm
Betapharm
Azacitidin
Vidaza
Azathioprin
Imuran
Azathioprine
Skinoren
Allergodil
Pollival
Azithromycine
Zitromax
Azithromycin
Cayston
Azactam
Oncotice
Neobacitracine
Baclofen Aguettant
Baclofen
Lioresal
Xofluza
Olumiant
Micropaque
Microtrast
Simulect
Qvar
Clipper
Sirturo
Blenrep
Benlysta
Nustendi
Nilemdo
Bendamustine
Levact
Fasenra
Cedium Benzalkonium
Cedium
Benzalkonium
Neo-Golaseptine
Pangel
Benzac
Extencin
Penicilline
Penicilline G
Betahistine
Betaserc
Cystadane
Celestone
Diprophos
Dovobet
Xamiol
Enstilum
Lotriderm
Diprosone
Diprosalic
Fucicort
Betnelan V
Betnelan
Betoptic
Myocholine-Glenwood
Avastin
Mvasi
Oyavas
Zirabev
Targretin
Cedur
Eulitop
Bicalutamide
Casodex
Biktarvy
Canestene Derm
Canestene
Pharmalgen Bee
Pharmalgen
Bellozal
Ilexel
Bimatoprost
Lumigan
Bimzelx
Mektovi
Akineton
Bisacodyl
Purgo-Pil
Dulcolax Bisacodyl
Dulcolax
Mucinum
Tryplera
Co-Bisoprolol
Emcoretic
Maxsoten
Lodoz
Bisoprolol
Bipressil
Bivalirudin
Bleomycine
Blincyto
Vaseline Boriquée
Vaseline
Boriquée
Velcade
Bortezomib
Bosentan
Tracleer
Bosulif
Bocouture
Botox
Xeomeen
Azzalure
Alluzience
Dysport
Vistabel
Adcetris
Alunbrig
Simbrinza
Alphagan
Mirvaso
Azopt
Briviact
Zerpex
Kyntheum
Beovu
Bromazepam
Lexotan
Parlodel
Impromen
Bisolvon
Toularynx Bromhexine
Toularynx
Bromhexine
Lendormin
Budesonide
Budesonid
Pulmicort
Miflonide
Novolizer Budesonide
Novolizer
Jorveza
Budenofalk
Entocort
Burinex
Marcaine avec Adrenaline
Marcaine
Temgesic
Buvidal
Libroxar
Suboxone
Transtec
Subutex
Bupropion
Wellbutrin
Zyban
Crysvita
Busilvex
Myleran
Therafixx-Tusso
Gynomyk
Buscopan
Cinryze
Berinert
Jevtana
Cabergoline
Dostinex
Sostilar
Vocabria
Cabometyx
Dedrogyl
Defediol
Rocaltrol
D-Cure Calcium
D-Cure
Calcium
Steovit
Cacit Vitamine D3
Vitamine
D-Vital
Sandoz Calcium D3
Sandoz
Sandoz Ca-D
Cacit
Calci-Chew
Renepho
Veregen
Invokana
Ilaris
Atacand Plus
Atacand
Candesartan / HCTZ
Candesartan
Candesartan Plus HCT
Co-Candesartan
Kengrexal
Capecitabine
Xeloda
Cablivi
Qutenza
Captopril
Miostat
Tegretol
Pabal
Carbetocine Aguettant
Carbetocine
Muco Rhinathiol
Rhinathiol
Siroxyl
Lacrinorm
Liposic
Vidisic
Thilo-Tears
Rennie
Restofit
Carboplatin
Carboplatine
Carbosin
Carboplatine Hospira
Prostin 15M
Kyprolis
Carbaglu
Reagila
Arteoptic
Carteabak
Carvedilol
Kredex
Cancidas
Caspofungine
Caspofungin
Fuca
Grains de Vals Senna
Grains
Cefadroxil
Keforal
Cefazoline
Kefzol
Cefepim
Claforan
Zinforo
Zavicefta
Ceftazidim
Glazidim
Zerbaxa
Ceftriaxone
Rocephine
Cefuroxim
Zinacef
Aprokam
Ximaract
Zinnat
Cefuroxime
Celebrex
Celecoxib
Libtayo
Zykadia
Cimzia
Teejel
Cetirizin
Cetirizine
Cetirizine UCB
Zyrtec
Hacdil-S
Hospaq
Aseptiderm
Cetavlex
Cetrotide
Erbitux
Kamillosan
Leukeran
Rhinofebryl
Corsodyl
Neo-Cutigenol
ChloraPrep
Cedium Chlorhexidine
Chlorhexidine
Hibidil
Hibiscrub
Nestosyl
Medica
Buccoverso
Golaseptine-Lidocaine
Pixidin
Ledaga
Ampres
Hygroton
Aureomycin
Dettolmedical Chloroxylenol
Dettolmedical
Chloroxylenol
Ovitrelle
Myconail
Mycosten
Sandimmun
Neoral-Sandimmun
Co-Inhibace
Inhibace
Donnafyta Meno
Donnafyta
Mimpara
Scheriproct
Arlevertan
Stugeron
Cinnarizine
Hyperlipen
Ciloxan
Ciprofloxacine
Ciproxine
Nimbex
Cisplatin
Cisplatine Hospira
Cisplatine
Cipramil
Citalopram
Citalopram-Ratiopharm
Uralyt U
Uralyt
CitraFleet
Picoprep
Leustatin
Litak
Mavenclad
Biclar
Clarithromycin
Clarithromycine
Heliclar
Maclar
Monoclarium
Cleviprex
Zindaclin
Clindamycine
Dalacin C
Dalacin
Clindamycin
Treclinax
Yenlip
Frisium
Dermovate
Clarelux
Clobex
Evoltra
Clomid
Anafranil
Rivotril
Catapressan
Lysotossil
Plavix
Clopidogrel
Clopidogrel (HCl)
Tranxene
Uni-Tranxene
Neo-Sabenyl
Etumine
Clozan
Canestene Intim
Canestene Gyn
Clozapine
Leponex
Genvoya
Stribild
Cotellic
Toularynx Codeine
Codeine
Bronchosedal Codeine
Bronchosedal
Bronchodine
Cafeine Sterop
Gencebok
Colchicine Opocalcium
Colchicine
Opocalcium
Thorens
Fultivit-D3
Vitamine D Will
Questran
Colobreathe
Colistineb
Iruxol Mono
Iruxol
Elonva
Spikevax bivalent Original/Omicron BA.1
Spikevax
bivalent
Original/Omicron
Comirnaty
Comirnaty Original/Omicron BA.1
Nuvaxovid
Jcovden
Vaxzevria
Aubeline
Xalkori
Opticrom
Allergo-COMOD
Cromabak
Lecrolyn
Tribvit
Vitamine B12 Sterop
Neurobion
Endoxan
Cyclogyl
Minims Cyclopentolate Chlorhydrate
Minims
Cyclopentolate
Chlorhydrate
Cynarol
Claudia
Daphne
Diane
Elisamylan
Androcur
Cytosar
Cytarabine
Pradaxa
Tafinlar
Dacarbazine Medac
Dacarbazine
Fragmin
Jivi
Orgaran
Dantrium
Xigduo
Forxiga
Priligy
Darzalex
Aranesp
Emselex
Nubeqa
Symtuza
Rezolsta
Prezista
Darunavir
Alofisel
Sprycel
Cerubidine
Dacogen
Elmex Medical Gel
Medical
Deferasirox
Exjade
Ferriprox
Desferal
Defitelio
Firmagon
Sativex
Xgeva
Prolia
Belkyra
Fluomizin
Tovedeso
Desloratadine
Aerius
Desloratadin
Minirin
Desmopressine Ferring
Desmopressine
Ferring
Nocdurna
Cerazette
Desirett
Desoceane
Desogestrel Besins
Desogestrel
Besins
Desopop
Lueva
Nacrez
De Icol
Maxidex
Monofree Dexamethason
Monofree
Dexamethason
Dexagenta-POS
Aacidexam
Ozurdex
Polydexa
Maxitrol
Tobradex
Dexa-Rhinospray Dexamethasone / Tramazoline
Dexa-Rhinospray
Dexamethasone
Tramazoline
Ketesse
Dexdor
Dexmedetomidine
Dexmedetomidine B. Braun
Savene
Tears Naturale
Naturale
Tusso Rhinathiol
Bronchosedal Dextromethorphan
Dextromethorphan
Tussimono
Acatar Mono
Acatar
Toularynx Dextromethorphan
Vicks Toux Sèche
Zirorphan
Valium
Diazepam
Diazetop
Diazepam Eurogenerics
Eurogenerics
InductOs
Dicloabak
Diclofenac
Voltaren
Arthrotec
Kinespir
Voltaren Emulgel
Emulgel
Diclotopic
Cataflam
Motifene
Diclofenac Patch
Kinespir Patch
Voltaren Patch
Dimetrum
Pauline
Visannette
Zafrilla
R Calm
Nustasium
Travocort
Boostrix
Triaxis
Boostrix Polio
Triaxis Polio
Tetravac
Revaxis
Lanoxin
Paracodine
Tildiem
Progor
Diltiazem
R Calm Dimenhydrinate
Dimenhydrinate
Tecfidera
Skilarence
Vibrocil
Fenistil
Prepidil
Prostin E2
Propess
Qarziba
Daflon
Neoflavon
Diosmin
Dipyridamole
Rythmodan
Antabuse
Dobutrexmylan
Docetaxel
Taxotere
Erazaban
Laxavit
Norgalax
Triumeq
Dovato
Tivicay
Juluca
Domperidone
Motilium
Domperidon
Zilium
Donepezil
Aricept
Delstrigo
Pifeltro
Pulmozyme
Trusopt
Prothiaden
Dopram
Caelyx
Myocet
Doxorubicin
Adriblastina
Doxorubicine
Doxylets
Doxycycline
Vibratab
Efracea
Navalit
Dehydrobenzperidol
Slinda
Trulicity
Yentreve
Cymbalta
Duloxetin
Duloxetine
Dupixent
Imfinzi
Avodart
Dutasteride
Combodart
Dutasteride / Tamsulosine
Tamsulosine
Dutasteride / Tamsulosine HCl
Duphaston
Optovit E
Optovit
Ebastine
Estivan
Echinacin Liquidum
Echinacin
Liquidum
Anticold
Soliris
Lixiana
Efavirenz / Emtricitabine / Tenofovir disoproxil
Efavirenz
Emtricitabine
Tenofovir
disoproxil
Stocrin
Ephedrine HCl Aguettant
Ephedrine
Ephedrine HCl Sterop
Vaniqa
Elocta
Alprolix
Zepatier
Relert
Cerdelga
Vimizim
Empliciti
Revolade
Hemlibra
Synjardy
Jardiance
Emtriva
Eviplera
Odefsey
Descovy
Emtricitabine / Tenofovir disoproxil
Truvada
Co-Enalapril
Co-Renitec
Enalapril / Lercanidipine
Enalapril
Lercanidipine
Zanicombo
Renitec
Braftovi
Clexane
Enoxaparine Becat
Enoxaparine
Ghemaxan
Comtan
Baraclude
Rozlytrek
Xtandi
Relestat
Jext
Epipen
Adrenaline (HCl) Sterop
Adrenaline (Tartrate) Aguettant
(Tartrate)
Adrenaline (Tartrate) Sterop
Epirubicin
Epirubicine
Farmorubicine
Eplerenone
Inspra
Binocrit
Eprex
Neorecormon
Mircera
Flolan
Veletri
NovoSeven
Integrilin
Mucodox
Aimovig
Cafergot
Halaven
Erlotinib
Tarceva
Segluromet
Steglatro
Steglujan
Benzadermine
Erythrocine
Inderm
Erycine
Zineryt
Escitalopram
Escidivule
Sipralexa
Vesierra
Spravato
Esmocard
Brevibloc
Nexiam
Esomeprazole
Drovelis
Lydisilka
Laclimella
Velbienne
Angeliq
Klimedix
Femoston
Oestrogel
Zoely
Activelle
Kliogest
Estrofem
Zumenon
Progynova
Dermestril
Feminova
Systen
Bijuva
Lenzetto
Rewellfem
Vagifem
Estracyt
Gynoflor
Aacifemine
Oekolp
Blissel
Dicynone
Enbrel
Benepali
Nepexto
Erelzi
Parsabiv
Myambutol
Softa-Man
Ethanol Sterop
Ethanol
Hydral
Bellina
Helen
Desolina 20
Desolina
Desorelle 20
Desorelle
Mercilon
Lumivela Continu 20
Lumivela
Continu
Desolina 30
Desorelle 30
Marvelon
Lumivela Continu 30
Gracial
Dienobel
Louise
Oedien
Serisima Continu
Serisima
Annaïs 20
Annaïs
Armunia 20
Armunia
Dorinelletheramex
Drosana 20
Drosana
Drospibel
MargotMylan 20
MargotMylan
Perynella
Yasminelle
Annaïs Continu
Bradley
Daylette
Droseffik
MarliesMylan
Yadere
Yaz
Annaïs 30
Armunia 30
Dorintheramex
Drosana 30
MargotMylan 30
Yasmin
Circlet
IzzyRing
Myloop
Nuvaring
Ringafema
Mirelle
Gaelle 20
Gaelle
Harmonet
Lindynette 20
Lindynette
Meliane
Femodene
Gaelle 30
Lindynette 30
Minulet
Eleonor 20
Eleonor
Lavinia
Lowette
Microgynon 20
Microgynon
Noranelle 20/100
Noranelle
20/100
Levesialle Continu 20
Levesialle
Levorichter 30
Levorichter
Microgynon 30
Noranelle 30/150
30/150
Stediril-30
Seasonique
Asterluna Continu 30
Asterluna
Microgynon 50
Evra
Zarontin
Victan
Codethyline
Effortil
Flexium
Etomidate-Lipuro
Hypnomidate
Implanon
Eposin
Etoposide
Etoposid
Vepesid
Celltop
Arcoxia
Etoricoxib
Intelence
Certican
Afinitor
Everolimus
Votubia
Repatha
Aromasin
Exemestan
Bydureon
Uro-Vaxom
Atozet
Ezetimibe / Atorvastatin
Ezetimibe
Ezetimib
Ezetrol
Ezgal
Ezetimibe / Rosuvastatine
Rosuvastatine
Myrosor
Suvezen
Ezetimibe / Simvastatine
Simvastatine
Ezetimibe / Simvastatin
Simvastatin
Inegy
Octanine
Wilate
Haemate P
Haemate
Factane
Octanate
Wilfactin
Cluvot
Fampyra
Adenuric
Febuxostat
Feburik
Feiba
Taloxa
Felodipine
Broxil
Phenobarbital Sodium Sterop
Phenobarbital
Sodium
Gardenal
Phenobarbital Sterop
Lipanthylnano
Fenosup
Fenofibraat
Fenogal
Lipanthyl
Marcoumar
Fentanyl-Piramal
Durogesic
Fentanyl
Matrifen
Gynoxin
Ammonaps
Rhinathiol Antirhinitis
Antirhinitis
Phenylephrine
Minims Phenylephrine Chlorhydrate
Phenylephrine Unimedic
Unimedic
Phenylephrine Aguettant
Mydriasert
Diphantoine
Fesoterodine
Toviaz
Allegratab
Telfast
Fibclot
Fibryga
Riastap
Tachosil
Dificlir
Jyseleca
Nivestim
Accofil
Neupogen
Tevagrastim
Finasteride
Proscar
Gilenya
FSME Immun
Tambocor
Flecainide
Apocard
Flecateva
Floxapen
Flucloxacilline
Staphycid
Diflucan
Fluconazole B. Braun
Fluconazole
Fluconazol
Fludara
Fludarabine
Mobilisin
Anexate
Flumazenil B. Braun
Flumazenil
Locacortene
Flunatop
Sibelium
Flunitrazepam
Iluvien
Minims Fluoresceine Sodique
Fluoresceine
Sodique
Fluorescein Sodium Sterop
Fluorescein
Fluoresceine Faure
Combiflure
Fluocaril Bi-Fluore
Fluocaril
Bi-Fluore
Z-Fluor
Flucon
FML Liquifilm
Liquifilm
Efudix
Fluorouracil
Fluracedyl
Fluoxetin
Fluoxetine
Prozac
Fluoxone
Fluanxol
Deanxit
Staurodorm
Flurbiprofen
Strepfen
Flutamide
Flixotide
Avamys
Flixonase Aqua
Flixonase
Otrivine Anti-Allergie
Otrivine
Anti-Allergie
Floxyfral
Fluvoxamine
Pholco-Méréprine Mono
Pholco-Méréprine
Folinate
VoriNa
Rescuvolin
Folavit
Bemfola
Gonal-F
Ovaleap
Pergoveris
Puregon
Rekovelle
Fomepizole Serb
Fomepizole
Arixtra
Inuvair
Symbicort
Airbufo
Bufomix
Flutiform
Trimbow
Trixeo
Foradil
Formagal
Formoair
Novolizer Formoterol
Formoterol
Telzir
Ivemend
Foscarnet
Foscavir
Colowash
Cleen Phospho-Soda
Phospho-Soda
Cleen Enema
Lavement au Phosphate
Lavement
Phosphate
Monuril
Fosinil
Rukobia
Muphoran
Sofrasolone
Ajovy
Frovatex
Migard
Fulvestrant
Frusamil
Lasix
Furosemide
Fucidin
Affusine
Fusidine
Fucithalmic
Konakion
Vitamon K
Vitamon
Gabapentine
Neurontin
Gabapentin
MultiHance
Gadovist
Artirem
Clariscan
Dotagraph
Dotarem
ProHance
Primovist
Reminyl
Emgality
Naglazyme
Virgan
Cymevene
Fyremadel
Orgalutran
Norit Carbomix
Carbomix
Norit
Carbobel Mono
Carbobel
Gefitinib
Iressa
Stamaril
Gemcitabine
Gemcitabin
Gemcitabine Hospira
Mylotarg
Duracoll
Gentamycine B. Braun
Gentamycine
Xospata
Focuzine
Tavonin
Tavoforce
Tanakan
Givlaari
Copaxone
Glatiramyl
Maviret
Daonil
Gliclazide
Uni Diamicron
Diamicron
Uni Gliclazide
Glimepiride
Glurenorm
GlucaGen
Baqsimi
Donacom
Dolenio
Glucosamine Pharma Nord
Glucosamine
Glucose Sterop
Glucose
Suppositoires à la Glycerine Lambo
Suppositoires
Glycerine
Glycerine Suppo's Kela
Suppo's
Ultibro
Seebri
Robinul
Robinul-Neostigmine
Sialanar
Simponi
Zoladex
Kytril
Aporil
Becozyme
Befact
Cernevit
Cofact
Colofort
Confidex
Endofalk
Endopeg
Klean-Prep
Movicol
Curapeg
Laxido
Macrogol + Electrolytes
Macrogol
Electrolytes
Molaxole
Neutroses
Octaplex
Panotile
Ponvory
Qlaira
Reflexspray
Soluprick Controle Negatif
Controle
Negatif
Soluvit Novum
Soluvit
Sustanon 250
Sustanon
Tri-Minulet
Trinordiol
Trisequens
Vicks Vaporub
Vaporub
Vitalipid Novum
Vitalipid
Bronchosedal Mucus
Toularynx Guaifenesine
Guaifenesine
Intuniv
Tremfya
Haldol
AtrosanMed
Pulmocap Hedera
Pulmocap
Hedera
Normosang
Heparine Leo
Heparine
Heparine Natrium B. Braun
Natrium
Lipactin
Twinrix
Havrix
Avaxim
Vaqta
Engerix-B
Hbvaxpro
Fendrix
Hexomedine
Desomedine
Colludol
Hexvix
Hexyon
Hextril
Soluprick Controle Positif
Positif
2Lebv
2Lherp
2Lpapi
2Lveru
Actheane
Arnigel
Camilia
Colocynthis-Homaccord
Coryzalia
Cralonin
Drosera-Homaccord
Engystol
Euphorbium Compositum
Euphorbium
Compositum
Ferrum-Homaccord
Gastricumeel
Hepeel
Homeoptic
Luffa-Heel
Luffeel
Mama Natura Dento
Natura
Mama Natura Dormi
Mama Natura Gastro
Gastro
Mulimen
Neurexan
Nux Vomica-Homaccord
Vomica-Homaccord
Oculo-Heel
Oscillococcinum
Oteel
Reneel
Sabal-Homaccord
Spascupreel
Sportenine
Tartephedreel
Traumeel
Vertigoheel
Viburcol
Vinceel
Cervarix
Gardasil 9
Gardasil
Hyalgan
Conforma Hydrocortisone
Conforma
Hydrocortisone
Pannocort
Fucidin Hydrocortisone
Locoid
Cremicort-H
Softacor
Septomixine
Solu-Cortef
Daktacort
Terra-Cortril + Polymyxine B
Terra-Cortril
Polymyxine
Palladone
Cyanokit
Hydroxocobalamine Acetate Sterop
Hydroxocobalamine
Acetate
Siklos
Hydrea
Plaquenil
Venoruton
Atarax
Hyperiplant
Ibandronic Acid
Ibandronic
Bonviva
Ibandronate
Imbruvica
Brufen Codeine
Brufen
Extrapan
Ibuprofen Kela
Ibuprofen
Pedea
Ibuprofen B. Braun
Nurofen
Algidrin
Perdophen
Spidifen
Perdofemina
Nurofen Patch
Sinuphene
Firazyr
Icatibant
Inotyol
Bithiol
Zavedos
Praxbind
Raxone
Zydelig
Elaprase
Holoxan
FeroGrad
Monoferric
Fercayl
Injectafer
Venofer
Ferricure
Velphoro
Losferron
Tardyferon
Fero-Gradumet
Glivec
Imatinib
Cerezyme
Tofranil
Aldara
Megalotect
Hepacaf
Zutectra
Rhogam
Grafalon
Thymoglobuline
Iqymune
Nanogam
Octagam
Privigen
Gammanorm
Hizentra
Leqvio
Enerzair
Onbrez
Atectura
Fludex
Indapamide
Carmin d'indigo Serb
Carmin
d'indigo
Verdye
Indocollyre
Dolcidium
Sportflex
Flixabi
Inflectra
Remicade
Remsima
Zessly
Efluelda
Influvac Tetra 2022-2023
Influvac
2022-2023
Vaxigrip Tetra 2022-2023
Vaxigrip
Alpharix-Tetra 2022-2023
Alpharix-Tetra
Besponsa
NovoRapid
Fiasp
NovoMix 30
NovoMix
NovoMix 50
Tresiba
Xultophy
Levemir
Abasaglar
Lantus
Toujeo
Apidra
Actrapid
Humuline Regular
Humuline
Regular
Insuman Rapid
Insuman
Humuline 30/70
Humuline NPH
Insulatard
Insuman Basal
Lyumjev
Humalog
Humalog Mix 25
Humalog Mix 50
Pegasys
Plegridy
Rebif
Avonex
Betaferon
Yervoy
Duovent
Atrovent
Rhinospray Ipratropium
Rhinospray
Ipratropium
Combivent
Otrivine Duo
CoAprovel
Irbesartan / HCT
Irbesartan
Irbesartan / Hydrochlorothiazide
Hydrochlorothiazide
Aprovel
Onivyde
Campto
Irinotecan
Sarclisa
Cresemba
Travogen
Nicotibine
Sterillium
Cedocard
Isocural
Isotretinoine
Roaccutane
Isosupra
Lomir
Itraconazol
Itraconazole
Sporanox
Ivabradine
Procoralan
Kalydeco
Kaftrio
Soolantra
Ninlaro
Taltz
Ixiaro
Xenetix
Lipiodol Ultra Fluide
Lipiodol
Fluide
Visipaque
Omnipaque
Iomeron
Ultravist
Optiray
Telebrix
KCl B. Braun
Kali-Sterop
Ultra-K
Algis-Spray
Vaseline Camphrée
Camphrée
Onguent Camphré
Onguent
Camphré
Ketalar
Nizoral
Fastum
Rofenid
Aculare
Taradyl
Altriabak
Ketazed
Zaditen
Ketotifen
Ancora 375 Ag Normal
Ancora
Normal
Cupraluna Omega Cu 375
Cupraluna
Flexi-T 300
Flexi-T
Flexi-T+ 300
Flexi-T+
Flexi-T+ 380
Gold T Maxi
Gold T Mini
Gold T Normal
Gyn-CS 10
Gyn-CS
Gyn-CS 3
Gynefix 200
Gynefix
Gynefix 330
IUB Ballerine Midi
Ballerine
MI-DIU-Load 375 Cu+Ag
MI-DIU-Load
MI-DIU-Sert 380 Cu+Ag
MI-DIU-Sert
MI-DIU-Sert 380 Mini Cu+Ag
MI-MONA-Flex 300
MI-MONA-Flex
MI-MONA-Load 375
MI-MONA-Load
MI-MONA-Sert 380
MI-MONA-Sert
MI-MONA-Sert 380 mini
MI-MONA-T 380
MI-MONA-T
Novaplus T 380 Ag Maxi
Novaplus
Novaplus T 380 Ag Mini
Novaplus T 380 Ag Normal
Trandate
Vimpat
Lacteol
Lactulose
Duphalac
Bifiteral
Zeffix
Epivir
Combivir
Lamivudine / Zidovudine
Zidovudine
Lamotrigine
Lambipol
Lamictal
Takhzyro
Duratears
Somatuline
Lansoprazol
Lansoprazole
Dakar
Fosrenol
Tyverb
Aldurazyme
Vitrakvi
Latanoprost
Latanoprost Upjohn
Upjohn
Latanotears
Xalatan
Monoprost
Xalof
Laseaxan
Harvoni
Arava
Leflunomide Medac
Leflunomide
Lenalidomide
Revlimid
Granocyte
Lenvima
Lercanidipin
Zanidip
Prevymis
Femara
Letrozole
Letrozol
Depo-Eligard
Keppra
Levetiracetam
Levobupivacaine
Livostin
Xyzall
Levocetirizin
Levocetirizine
Prolopa 125
Prolopa
Prolopa 250
Lecigimon
Corbilta
Stalevo
Duodopa
Levotuss
Levofloxacin
Levofloxacine
Tavanic
Levofolic
Elvorine
Nozinan
Jaydess
Kyleena
Levonortis
Levosert
Mirena
Justine
Levodonna
Norlevo
Postinor
Levosimendan
Simdax
L-Thyroxine
Euthyrox
Xylonor
Xogel
Instillagel
Otipax
Xylocaine avec Adrenaline
Xylocaine
Lignospan
Ophtesic
TriAnal
Xylocard
Lidocaine Aguettant
Linisol
Versatis
Emla
Rapydan
Constella
Jentadueto
Trajenta
Lincocin
Linezolid
Zyvoxid
Creon
Lonquex
Victoza
Saxenda
Elvanse
Co-Lisinopril
Zestoretic
Lisinopril
Zestril
Camcolit
Lyxumia
Alomide
Afstyla
Imodium
Loperamide
Imodium Duo
Kaletra
Dormonoct
Loratadine
Temesta
Lorazepam
Serenase
Lorviqua
Loramet
Lormetazepam
Metatop
Stilaze
Loortan Plus
Loortan
Losartan Plus
Losartan
Co-Losartan
Cozaar Plus
Cozaar
Orkambi
Reblozyl
Orgametril
Broncho-Vaxom
Opsumit
Moviprep
Plenvu
Transisoft
Forlax
Gastricalm
Riopan
Magneclo Sterop
Magneclo
Ultra-Mg
Magnesium Sulfate Sterop
Magnesium
Celsentri
Priorix
M.M.R. VaxPro
M.M.R.
VaxPro
ProQuad
Vermox
Duspatalin
Increlex
Agyrax
Sayana
Depo-Provera
Provera
Lariam
Megace
Melatonine Pharma Nord
Melatonine
Noxarem Melatonine
Noxarem
Circadin
Alkeran
Calmiplant
Meloxicam
Mobic
Memantine
Menveo
Nimenrix
Bexsero
Trumenba
Neisvac-C
Menopur
Carmenthin
Tempocol
Scandicaine
Scandonest
Mepivastesin
Nucala
Cystadrops
Cystagon
Procysbi
Puri-Nethol
Meronem
Meropenem
Vaborem
Claversal
Mesalazine
Mezavant
Colitofalk
Pentasa
Uromitexan
Proviron
Novalgine
Metformine
Metformax
Mephenon
Metoject
Methotrexate
Emthexate
Ledertrexate
Metvix
Aldomet
Methergin
Medikinet
Rilatine
Equasym
Concerta
Methylfenidaat
Methylphenidate
Relistor
Advantan
Solu-Medrol
Depo-Medrol
Depo-Medrol + Lidocaine
Medrol
Metiblo
Lanitop
Primperan
Logimat
Seloken
Lopresor
Metoprolol
Selozok
Rozex
Metronidazole B. Braun
Metronidazole
Flagyl
Lerivon
Acneplus
Daktarin
Daktozin
Gyno-Daktarin
Buccolam
Midazolam
Midazolam B. Braun
Ozalin
Rydapt
Mifegyne
Galafold
Miglustat Gen.Orph
Miglustat
Gen.Orph
Zavesca
Corotrope
Klinotab
Minocycline
Minotab
Mino-50
Alopexy
Minoxidil Biorga
Minoxidil
Biorga
Betmiga
Mirtazapine
Remergon
Cytotec
Angusta
Mitomycin
Lysodren
Mitoxantrone
Mivacron
Mizollen
Moclobemide
Provigil
Poteligeo
Corvaton
Coruno
Elocom
Momepax
Mometasone
Mometeva
Nasonex
Montelukast
Singulair
Morphine HCl Sterop
Morphine
MS Direct
Direct
MS Contin
Contin
Refacto AF
Refacto
Kanavig
Avelox
Moxifloxacine
Moxifloxacin
Moxonidine
Hirudoid
Bactroban
Cellcept
Mycophenolat Mofetil
Mycophenolat
Mofetil
Myfenax
Myfortic
Gambaran
Fraxodi
Fraxiparine
Naphcon-A
Vasocedine Naphazoline
Vasocedine
Naphazoline
Mediaven
Selincro
Naloxon B. Braun
Naloxon
Mysimba
Naltrexone
Deca-Durabolin
Vimovo
Aleve
Naproxen
Naproxene
Apranax
Naprosyne
Naramig
Naratriptan
Tysabri
Hyporetic
Nobiretic
Nebivolol
Nobiten
Atriance
Nevanac
Akynzeo
Viramune
Nevirapine
Nicardipine Aguettant
Nicardipine
Rydene
Yomesan
Nicorette
Nicotinell
NiQuitin
Nifedipine
Niflugel
Tasigna
Nimotop
Ofev
Vargatef
Zejula
Paxlovid
Nitisinone Dipharma
Nitisinone
Dipharma
Orfadin
Mogadon
Furacine
Furadantine MC
Furadantine
Minitran
Trinipatch
Rectogesic
Opdivo
Lutenyl
Nogest
Benefix
Refixia
Rixubis
Calmday
Noradrenaline Aguettant
Noradrenaline
Norepine
Levophed
Norfloxacine
Nortrilen
Noscaflex
Nosca-Mereprine
Spinraza
Nilstat
Nystatine
Gazyvaro
Ocrevus
Advate
Kovaltry
Recombinate
Sandostatine
Siroctid
Kesimpta
Trafloxal
Tarivid
Ofloxacine
Zyprexa
Zypadhera
Olanzapine
Zalasta
Lynparza
Forzaten / HCT
Forzaten
Olmesartan / Amlodipine / HCT
Olmesartan
Olmesartan / Amlodipine / HCTZ
Olmesartan / Amlodipin / HCT
Sevikar / HCT
Sevikar
Olmesartan / Amlodipine
Belsar Plus
Belsar
Co-Olmesartan
Olmesartan / HCTZ
Olmesartan Plus HCT
Olmetec Plus
Olmetec
Striverdi
Opatanol
Xolair
Omacor
Acidcare
Omeprazol
Omeprazole
Losec
Sedacid
Zolgensma
Avessaron
Ondansetron
Ondansetron B. Braun
Zofran
Zofsetron
Orlistat
Xenical
Tiberal
Tamiflu
Tagrisso
Spasmomen
Eloxatin
Oxaliplatin
Oxaliplatine
Oxazepam
Oxcarbazepine
Trileptal
Oxybate
Xyrem
Unicaine
Minims Oxybuprocaine Chlorhydrate
Oxybuprocaine
Monofree Oxybuprocaine HCl
Vesoxx
Oxybutynine
Kentera
OxyNorm
Targinact
Oxycodone
Oxycodon
OxyContin
Nesivine
Terramycine + Polymyxine B
Terramycine
Syntocinon
Zeposia
Abraxane
Paclitaxel
Paclitaxel Hospira
Paclitaxin
Ibrance
Xeplion
Trevicta
Byannli
Invega
Paliperidone
Paliperidon
Synagis
Palonosetron
Aloxi
Pamidronate Disodique Hospira
Pamidronate
Disodique
Vectibix
Farydak
Pantomed
Pantoprazol
Brandocare
Ippracid
Maalox Control
Control
Pantogastrix
Pantoprazol Aurobindo
Aurobindo
Pantoprazole
Pantozol
Papaverine HCl Sterop
Papaverine
Afebryl
Troc
Excedryn
Perdolan Compositum
Perdolan
Nevrine Codeine
Nevrine
Paracetamol / Codeine
Paracetamol
Algocod
Dafalgan Codeine
Dafalgan
Lonarid N
Lonarid
Algostase
Mann
Croix Blanche
Blanche
Antigriphine
Dafalgan Plus Caffeine
Caffeine
Panadol Plus
Panadol
Paracetamol B. Braun
Algostase Mono
Paracetamol ParaCare
ParaCare
Lemsip
Croix Blanche Mono
Paracetamol Kruidvat Health
Kruidvat
Health
Pe-Tam
Parasineg
Sinutab
Therafixx-CapitaNasal
Lansoyl Paraffine
Lansoyl
Paraffine
Dynastat
Gabbroral
Paroxetine
Seroxat
Sedistress
Bleu Patente V Guerbet
Patente
Guerbet
Veltassa
Onpattro
Votrient
Oncaspar
Pelgraz
Neulasta
Pelmeg
Ziextenzo
Somavert
Kaloban
Keytruda
Alimta
Armisarte
Pemetrexed
Pemazyre
Vectavir
Pentacarinat
Torental
Fycompa
Optison
Triplixam
Coveram
Perindopril / Amlodipine
Perindopril
Preterax
Perindopril / Indapamide
Coperindo
Coversyl Plus
Coversyl
Perindopril Servier
Servier
Zalvor
Perjeta
Pethisom
Dulcolax Picosulphate
Picosulphate
Picolaxine
Fructines
Laxoberon
Pilocarpine-Isopto
Elidel
Orap
Actos
Dipiperon
Piperacilline / Tazobactam
Piperacilline
Tazobactam
Nootropil
Piracetam
Piracetam-UCB
Esbriet
Dipidolor
Piromed
Brexine
Piroxicam
Wakix
Selexid
Agiolax
Spagulax
Spagulax M
Colofiber
Mozobil
Prevenar 13
Prevenar
Vaxneuvance
Apexxnar
Pneumovax 23
Pneumovax
Aethoxysklerol
Imovax Polio
Imovax
Kayexalate Ca
Kayexalate
Sorbisterit
Kayexalate Na
Imnovid
Iclusig
Noxafil
Posaconazole
Posaconazol
Siccagent
Oculotect
Povidone Iodine Minims
Povidone
Iodine
Iso-Betadine
Braunol
Braunoderm
Mirapexin
Oprymea
Pramipexole
Sifrol
Pramipexol
Intrarosa
Efient
Pravafenix
Prareduct
Pravastatine
Pravastatine Pharma
Pravasor
Lysanxia
Prazepam
Pred Forte
Lyrica
Pregabaline
Pregabalin
Citanest
Tachipri
Mysoline
Procaine HCl Sterop
Procaine
Kemadrin
Progestogel
Inprosub
Progebel
Utrogestan
Amelgen
Crinone
Rytmonorm
Mictonorm
Mictonet
Diprivan
Propolipid
Propofol B. Braun
Propofol
Inderal
Propranolol
Hemangiol
Propylthiouracile Orifarm
Propylthiouracile
Orifarm
Protamine Sulfaat Leo
Protamine
Sulfaat
Ceprotin
NexoBrid
Dominal
Alcaine
Resolor
Cirrus
Rhinosinutab
Aerinaze
Clarinase
Vasocedine Pseudoephedrine
Pseudoephedrine
Tebrazid
Mestinon
Vitamine B6 Sterop
Pyridoxine
Daraprim
Quetiapine
Quetiapin
Seroquel
Norprolac
Accupril
Quinapril
Pariet
Rabipur
Tiorfix
Evista
Isentress
Tomudex
Ramipril / Amlodipine
Ramipril
Tazko
Co-Ramipril
Ramipril / HCTZ
Tritazide
Tritace
Cyramza
Lucentis
Ranexa
Azilect
Rasagiline
Fasturtec
Edronax
Rapiscan
Stivarga
Ryeqo
Veklury
Ultiva
NovoNorm
Repaglinide
Cinqaero
Pyralvex
Rodizen
Kisqali
Mycobutin
Rifadine
Rifocine
Targaxan
Rekambys
Edurant
Rilutek
Riluzol
Teglutik
Adempas
Skyrizi
Evrysdi
Actonel
Risedronaat
Actonel Combi D
Risperdal
Risperidone
Risperidon
Norvir
Mabthera
Rixathon
Ruxience
Truxima
Xarelto
Exelon
Rivastigmin
Rivastigmine
Maxalt
Esmeron
Rocuronium B. Braun
Rocuronium
Rocuronium Bromide
Bromide
Nplate
Evenity
Ropinirole
Requip
Ropinirol
Ropivacaine
Ropivacaine Readyfusor
Readyfusor
Naropin
Crestor
Rosuvastatin
Rosuvastatin HCS
Rotarix
Rotateq
Neupro
Roxithromycine
Inovelon
Rupatadine
Rupatall
Adynovi
Jakavi
Enterol
Sacchiflora
Entresto
Xadago
Ventolin
Airomir
Novolizer Salbutamol
Salbutamol
Algipan
Mobilat
Zephirus
Flutisacombo
Seretide
Airflusal
Flutisamix
Serevent
Typhim Vi
Typhim
Kuvan
Kevzara
Onglyza
Scopolamine HBr Sterop
Scopolamine
Cosentyx
Eldepryl
Selsun
Uptravi
Retsevmo
Ozempic
Rybelsus
ProstaforceMed
Prostaserene
Prosta-Urgenin
Serdolect
Serlain
Sertraline
Renvela
Renagel
Spherox
Sildenafil
Vizarsin
Sildenon
Verventi
Viagra
Revatio
Balcoga
Legalon-Sil
Silodosin
Silodyx
Sylvant
Legalon
Imonogas
Nuwiq
Cholemed
Zocor
Mayzent
Rapamune
Euphon
Janumet
Januvia
Sitagliptin
Sovaldi
Epclusa
Vosevi
Pelvicare
Solifenacine
Solifenacin
Vesicare
Vesomni
GHRH-Ferring
Somatostatine-Belpharma
Somatostatine-Eumedica
Norditropin
Omnitrope
NutropinAq
Genotonorm
Humatrope
Saizen
Odomzo
Nexavar
Sorafenib
Microlax
Sotalex
Sotalol
Rovamycine
Aldactone
Spironolactone
Normacol
Diacomit
Sufenta
Sufentanil
Bridion
Myk-1
Eziclen
Flammacerium
Flammazine
Sulfasil
Eusaprim
Bactrim
Salazopyrine
Dogmatil
Sulpiride
Imitrex
Sumatriptan
Sunitinib
Sutent
Curosurf
Obizur
Celocurine
Flexagile
Curatoderm
Prograft
Adoport
Advagraf
Dailiport
Protopic
Takrozem
Cialis
Tadalafil
Tadalafil Lilly
Adcirca
Vyndaqel
Saflutan
Talzenna
Nolvadex
Tamoplex
Tamoxifen
Ranomax
Tamsulosine HCl
Tamsulosine HCl Yamanouchi
Yamanouchi
Omic
Palexia
Beromun
Revestive
Teysuno
Targocid
Twynsta
MicardisPlus
Telmisartan / Hydrochlorothiazide
Telmisartan
Telmisartan Plus HCT
Kinzalkomb
Micardis
Xermelo
Negaban
Temodal
Temozolomide
Torisel
Metalyse
Tenofovir Disoproxil
Disoproxil
Viread
Vemlidy
Tilcotil
Hytrin
Terazosab
Terazosine
Lamisil
Terbinafine
Terbinafin
Aubagio
Forsteo
Glypressin
Androgel
Testarzon
Nebido
Tetrabenazine AOP Orphan Pharmaceuticals
Tetrabenazine
Orphan
Pharmaceuticals
Minims Tetracaine Chlorhydrate
Tetracaine
Synacthen
Tetralysal
Visine
Symkevi
Thalidomide BMS
Thalidomide
Xanthium
Strumazol
Fluimucil Antibiotic
Fluimucil
Antibiotic
Urfamycine
Vitamine B1 Sterop
Benerva
Thiosulfate de Sodium Sterop
Thiosulfate
Tepadina
Bronchostop Duo
Bronchostop
Tymaki
Pulmocap Thymus
Thymus
Toularynx Thym
Thymoseptine
Thyrogen
Gabitril
Tiapridal
Heria
Livial
Sempreluna
Tibolinia
Brilique
Ticlid
Ticlopidine
Tygacil
Ilumetri
Ganfort
Combigan
Azarga
Dorzolamide / Timolol
Dorzolamide
Timolol
TensocMylan
Cosopt
Dualkopt
Timoptolgel
Timolol Falcon
Falcon
Timabak
Timo-COMOD
Geltim
Latanoprost-Timolol
Latanoprost / Timolol
Timolatears
Xalacom
Duotrav
Travoprost / Timolol
Travoprost
Innohep
Lanvis
Spiriva
Srivasso
Spiolto
Yanimo
Aptivus
Aggrastat
Kymriah
Evusheld
Sirdalud
Tobrex
Tobi
Obracin
RoActemra
Xeljanz
Detrusitol
Tolterodine
Urolina
Jinarc
Topamax
Topiramate
Hycamtin
Topotecan
Torasemide
Torrem
Clonazone
Yondelis
Adtralza
Skudexa
Contramal
Tradonal
Tramadol
Tramium
Algotra
Tramadol / Paracetamol
Zaldiar
Rhinospray Tramazoline
Mekinist
Exacyl
Kadcyla
Herceptin
Herzuma
Kanjinti
Ogivri
Ontruzant
Trazimera
Zercepac
Travatan
Vizitrav
Nestrolan
Trazodone
Remodulin
Vesanoid
Delphi
Kenacort A
Kenacort
Triesence
Allegra Nasal
Allegra
Halcion
Cuprior
Cufence
Aklief
Lonsurf
Artane
Decapeptyl
Gonapeptyl
Salvacyl
Mydriacyl
Tropicol
Monofree Tropicamide
Tropicamide
Mydrane
Novaban
Tuberculin PPD RT23 SSI
Tuberculin
NovoEight
Esperoct
Lemocin
EllaOne
Esmya
Incruse
Anoro
Rinvoq
Ebrantil
Actosolv
Ursochol
Ursodeoxycholic Acid Amdipharm
Ursodeoxycholic
Amdipharm
Ursofalk
Dozurso
Stelara
Elluracaps
Valaciclovir
Zelitrex
Valdispert
Dormiplant
Relaxine
Sedistress Sleep
Valdispert Sleep
Valcyte
Valganciclovir
Valproate
Depakine
Amlodipine / Valsartan / Hydrochlorothiazide
Valsartan
Exforge HCT
Exforge
Amlodipine / Valsartan
Co-Diovane
Co-Valsartan
Valsartan / Hydrochlorothiazide
Diovane
Vancomycine
Caprelsa
Vardenafil
Shingrix
Varilrix
Varivax
Zostavax
Entyvio
Vpriv
Zelboraf
Venclyxto
Efexor
Venlafaxine
Venlafaxin
Isoptine
Lodixal
Brinavess
Visudyne
Sabril
Relvar
Trelegy
Eucreas
Galvus
Vinblastine
Vincrisin
Eldisine
Vinorelbin
Vinorelbine
Erivedge
Antistax
Luxturna
Vfend
Voriconazole
Voriconazol
Brintellix
Marevan
Confosept Eau Oxygénée
Confosept
Oxygénée
Pharmalgen Wasp
Cerulyx
Otrivine Decongestionnant
Decongestionnant
Nasa Rhinathiol
Nasasinutab
Rhinivex
Xylomaris
Yocoral
Retrovir
Wilzin
Lokelma
Zopranol Plus
Zopranol
Zoledronic Acid
Zoledronic
Zometa
Acide Zoledronique
Zoledronique
Aclasta
Zomig
Zolmitriptan
Stilnoct
Zolpidem
Zolpitop
Zolpeduar
Zonegran
Imovane
Zopiclone
Clopixol
SonoVue