Aaigem
Aalbeke
Aalst
Aalter
Aarschot
Aarsele
Aartrijke
Aartselaar
Abée
Abolens
Achel
Achêne
Achet
Acosse
Acoz
Adegem
Adinkerke
Affligem
Afsnee
Agimont
Aineffe
Aische-en-Refail
Aiseau
Aiseau-Presles
Aisemont
Alken
Alle
Alleur
Alsemberg
Alveringem
Amay
Amberloup
Amblève
Ambly
Ambresin
Amel
Amonines
Amougies
Ampsin
Andenne
Anderlecht
Anderlues
Andrimont
Angleur
Angre
Angreau
Anhée
Anlier
Anloy
Annevoie-Rouillon
Ans
Anseremme
Anseroeul
Anthée
Antheit
Anthisnes
Antoing
Antwerpen
Anvaing
Anzegem
Appels
Appelterre-Eichem
Arbre
Arbrefontaine
Arc-Ainières
Archennes
Arc-Wattripont
Ardooie
Arendonk
Argenteau
Arlon
Arquennes
Arsimont
Arville
As
Aspelare
Asper
Asquillies
Asse
Assebroek
Assenede
Assenois
Assent
Assesse
Astene
Ath
Athis
Athus
Attenhoven
Attenrode
Attert
Attre
Aubange
Aubechies
Aubel
Aublain
Auby-sur-Semois
Auderghem
Audregnies
Aulnois
Autelbas
Autre-Eglise
Autreppe
Auvelais
Ave-et-Auffe
Avekapelle
Avelgem
Avennes
Averbode
Avernas-le-Bauduin
Avin
Awans
Awenne
Awirs
Aye
Ayeneux
Aywaille
Baaigem
Baal
Baardegem
Baarle-Hertog
Baasrode
Bachte-Maria-Leerne
Baelen
Bagimont
Baileux
Bailièvre
Baillamont
Bailleul
Baillonville
Baisieux
Baisy-thy
Balâtre
Balegem
Balen
Bambrugge
Bande
Barbençon
Barchon
Baronville
Barry
Barvaux-Condroz
Barvaux-sur-Ourthe
Basècles
Bas-Oha
Basse-Bodeux
Bassenge
Bassevelde
Bassilly
Bastogne
Bas-Warneton
Batsheers
Battice
Battignies
Baudour
Bauffe
Baugnies
Baulers
Bavegem
Bavikhove
Bazel
Beaufays
Beaumont
Beauraing
Beausaint
Beauvechain
Beauwelz
Beclers
Beek
Beerlegem
Beernem
Beerse
Beersel
Beerst
Beert
Beervelde
Beerzel
Beez
Beffe
Begijnendijk
Beho
Beigem
Bekegem
Bekkerzeel
Bekkevoort
Belgrade
Bellaire
Bellecourt
Bellefontaine
Bellegem
Bellem
Bellevaux
Bellevaux-Ligneuville
Bellingen
Beloeil
Belsele
Ben-Ahin
Bende
Berbroek
Berchem
Berchem-Sainte-Agathe
Berendrecht
Berg
Bergilers
Beringen
Berlaar
Berlare
Berlingen
Berloz
Berneau
Bernissart
Bersillies-l'Abbaye
Bertem
Bertogne
Bertrée
Bertrix
Berzée
Beselare
Betekom
Bettincourt
Beuzet
Bevel
Bever
Bevercé
Bevere
Beveren
Beveren-aan-den-Ijzer
Beveren-Waas
Beverlo
Beverst
Beyne-Heusay
Bienne-lez-Happart
Bierbeek
Biercée
Bierges
Bierghes
Bierset
Bierwart
Biesme
Biesmerée
Biesme-sous-Thuin
Biévène
Bièvre
Biez
Bihain
Bikschote
Bilstain
Bilzen
Binche
Binderveld
Binkom
Bioul
Bissegem
Bizet
Blaasveld
Blaimont
Blandain
Blanden
Blankenberge
Blaregnies
Blaton
Blaugies
Blégny
Bléharies
Blehen
Bleid
Bleret
Blicquy
Bocholt
Boechout
Boekhout
Boekhoute
Boëlhe
Boezinge
Bogaarden
Bohan
Boignée
Boirs
Bois-de-Lessines
Bois-de-Villers
Bois-d'Haine
Bois-et-Borsu
Bolinne
Bolland
Bomal
Bomal-sur-Ourthe
Bombaye
Bommershoven
Boncelles
Boneffe
Bonheiden
Boninne
Bonlez
Bonnert
Bonneville
Bon-Secours
Bonsin
Booischot
Booitshoeke
Boom
Boorsem
Boortmeerbeek
Borchtlombeek
Borgerhout
Borgloon
Borlez
Borlo
Borlon
Bornem
Bornival
Borsbeek
Borsbeke
Bossière
Bossuit
Bossut-Gottechain
Bost
Bothey
Bottelare
Bouffioulx
Bouge
Bougnies
Bouillon
Bourlers
Bourseigne-Neuve
Bourseigne-Vieille
Boussoit
Boussu
Boussu-en-Fagne
Boussu-lez-Walcourt
Bousval
Boutersem
Bouvignes-sur-Meuse
Bouvignies
Bouwel
Bovekerke
Bovelingen
Bovenistier
Bovesse
Bovigny
Bra
Braffe
Braibant
Braine-l'Alleud
Braine-le-Château
Braine-le-Comte
Braives
Brakel
Branchon
Bras
Brasmenil
Brasschaat
Bray
Brecht
Bredene
Bree
Breendonk
Bressoux
Brielen
Broechem
Broekom
Brucargo
Brugelette
Brugge
Brûly
Brûly-de-Pesche
Brunehaut
Brussegem
Brussel
Brustem
Bruxelles
Bruyelle
Brye
Budingen
Buggenhout
Buissenal
Buissonville
Buizingen
Buken
Bullange
Büllingen
Bulskamp
Bunsbeek
Burcht
Burdinne
Bure
Burg-Reuland
Burst
Bury
Butgenbach
Bütgenbach
Buvingen
Buvrinnes
Buzenol
Buzet
Callenelle
Calonne
Cambron-Casteau
Cambron-Saint-Vincent
Carlsbourg
Carnières
Casteau
Castillon
Celles
Cerexhe-Heuseux
Cerfontaine
Céroux-Mousty
Ch.-Notre-Dame-Louvignies
Chaineux
Chairière
Champion
Champlon
Chanly
Chantemelle
Chapelle-à-Oie
Chapelle-à-Wattines
Chapelle-lez-Herlaimont
Chapon-Seraing
Charleroi
Charneux
Chassepierre
Chastre
Chastrès
Chastre-Villeroux-Blanmont
Châtelet
Châtelineau
Châtillon
Chaudfontaine
Chaumont-Gistoux
Chênée
Cherain
Cheratte
Chercq
Chevetogne
Chevron
Chièvres
Chimay
Chiny
Chokier
Ciergnon
Ciney
Ciplet
Ciply
Clabecq
Clavier
Clermont
Clermont-sous-Huy
Cognelée
Colfontaine
Comblain-au-Pont
Comblain-Fairon
Comblain-la-Tour
Comines
Comines-Warneton
Conneux
Corbais
Corbion
Cordes
Corenne
Cornesse
Cornimont
Corroy-le-Château
Corroy-le-Grand
Corswarem
Cortil-Noirmont
Cortil-Wodon
Couillet
Courcelles
Courrière
Cour-sur-Heure
Court-Saint-Etienne
Couthuin
Coutisse
Couture-Saint-Germain
Couvin
Cras-Avernas
Crehen
Crisnée
Croix-lez-Rouveroy
Crombach
Crupet
Cuesmes
Cugnon
Cul-des-Sarts
Custinne
Dadizele
Dailly
Daknam
Dalhem
Damme
Dampicourt
Dampremy
Darion
Daussois
Daussoulx
Dave
Daverdisse
De Haan
De Klinge
De Moeren
De Panne
De Pinte
Deerlijk
Deftinge
Deinze
Denderbelle
Denderhoutem
Denderleeuw
Dendermonde
Denderwindeke
Denée
Dentergem
Dergneau
Dessel
Desselgem
Destelbergen
Deurle
Deurne
Deux-Acren
Dhuy
Diegem
Diepenbeek
Diest
Diets-Heur
Dikkebus
Dikkele
Dikkelvenne
Diksmuide
Dilbeek
Dilsen
Dinant
Dion
Dion-Valmont
Dison
Dochamps
Doel
Dohan
Doische
Dolembreux
Donceel
Dongelberg
Donk
Donstiennes
Dorinne
Dormaal
Dottenijs
Dottignies
Dour
Dourbes
Dranouter
Dréhance
Driekapellen
Drieslinter
Drogenbos
Drongen
Dudzele
Duffel
Duisburg
Duras
Durbuy
Durnal
Dworp
Eben-Emael
Ebly
Ecaussinnes
Ecaussinnes-d'Enghien
Ecaussinnes-Lalaing
Edegem
Edelare
Edingen
Eeklo
Eernegem
Egem
Eggewaartskapelle
Eghezée
Ehein
Eigenbilzen
Eindhout
Eine
Eisden
Eke
Ekeren
Eksaarde
Eksel
Elen
Elene
Elewijt
Eliksem
Elingen
Ellemelle
Ellezelles
Ellignies-lez-Frasnes
Ellignies-Sainte-Anne
Ellikom
Elouges
Elsegem
Elsenborn
Elsene
Elst
Elverdinge
Elversele
Emblem
Embourg
Emelgem
Emines
Emptinne
Ename
Engelmanshoven
Enghien
Engis
Enines
Ensival
Epinois
Eppegem
Eprave
Erbaut
Erbisoeul
Ere
Erembodegem
Erezée
Ermeton-sur-Biert
Ernage
Erneuville
Ernonheid
Erondegem
Erpe
Erpe-Mere
Erpent
Erpion
Erps-kwerps
Erquelinnes
Erquennes
Ertvelde
Erwetegem
Escanaffles
Esen
Esneux
Espierres
Espierres-Helchin
Esplechin
Esquelmes
Essen
Essene
Estaimbourg
Estaimpuis
Estinnes
Estinnes-au-Mont
Estinnes-au-Val
Etalle
Ethe
Etikhove
Ettelgem
Etterbeek
Eugies
Eupen
Evegnée
Evelette
Everbeek
Everberg
Evere
Evergem
Evregnies
Evrehailles
Eynatten
Ezemaal
Fagnolle
Faimes
Falaën
Falisolle
Fallais
Falmagne
Falmignoul
Familleureux
Farciennes
Faulx-les-Tombes
Fauroeulx
Fauvillers
Faymonville
Fays-les-Veneurs
Fayt-le-Franc
Fayt-lez-Manage
Felenne
Feluy
Feneur
Fernelmont
Ferrières
Feschaux
Fexhe-le-Haut-Clocher
Fexhe-Slins
Filot
Finnevaux
Fize-Fontaine
Fize-le-Marsal
Flamierge
Flavion
Flawinne
Flémalle
Flémalle-Grande
Flémalle-Haute
Flénu
Fléron
Fleurus
Flobecq
Flône
Florée
Floreffe
Florennes
Florenville
Floriffoux
Flostoy
Focant
Folx-les-Caves
Fontaine-l'Evêque
Fontaine-Valmont
Fontenelle
Fontenoille
Fontenoy
Fooz
Forchies-la-Marche
Forest
Forêt
Forge-Philippe
Forges
Forrières
Forville
Fosse
Fosses-la-Ville
Fouleng
Fourbechies
Fouron-le-Comte
Fourons
Fouron-Saint-Martin
Fouron-Saint-Pierre
Foy-Notre-Dame
Fraipont
Fraire
Fraiture
Frameries
Framont
Franchimont
Francorchamps
Franc-Waret
Franière
Frasnes
Frasnes-lez-Buissenal
Frasnes-lez-Gosselies
Freloux
Freux
Froidchapelle
Froidfontaine
Froidmont
Fronville
Froyennes
Fumal
Furfooz
Furnaux
Gaasbeek
Gages
Gallaix
Galmaarden
Ganshoren
Gaurain-Ramecroix
Gavere
Gedinne
Geel
Geer
Geest-Gérompont-Pt-Rosière
Geetbets
Gelbressée
Gelinden
Gellik
Gelrode
Geluveld
Geluwe
Gembes
Gembloux
Gemmenich
Genappe
Genk
Genly
Genoelselderen
Gent
Gentbrugge
Gentinnes
Genval
Geraardsbergen
Gerdingen
Gerin
Gérompont
Gérouville
Gerpinnes
Gestel
Gesves
Ghislenghien
Ghlin
Ghoy
Gibecq
Gierle
Gijverinkhove
Gijzegem
Gijzelbrechtegem
Gijzenzele
Gilly
Gimnée
Gingelom
Gistel
Gits
Givry
Glabais
Glabbeek
Glain
Gleixhe
Glimes
Glons
Gochenée
Godarville
Godinne
Godveerdegem
Goé
Goeferdinge
Goegnies-Chaussée
Goesnes
Goetsenhoven
Gomze-Andoumont
Gondregnies
Gonrieux
Gontrode
Gooik
Gorsem
Gors-Opleeuw
Gosselies
Gotem
Gottem
Gottignies
Gougnies
Gourdinne
Goutroux
Gouvy
Gouy-lez-Piéton
Gozée
Grâce-Berleur
Grâce-Hollogne
Graide
Grammene
Grand-Axhe
Grandglise
Grand-Hallet
Grand-Halleux
Grandhan
Grand-Leez
Grand-Manil
Grandmenil
Grandmetz
Grand-Rechain
Grand-Reng
Grandrieu
Grand-Rosière-Hottomont
Grandville
Grandvoir
Grapfontaine
Graty
Graux
Grazen
Grembergen
Grez-Doiceau
Grimbergen
Grimminge
Grivegnée
Grobbendonk
Groot-Bijgaarden
Groot-Gelmen
Groot-Loon
Grosage
Gros-Fays
Grote-Brogel
Grotenberge
Grote-Spouwen
Gruitrode
Grune
Grupont
Guignies
Guigoven
Guirsch
Gullegem
Gutschoven
Haacht
Haaltert
Haasdonk
Haasrode
Habay
Habay-la-Neuve
Habay-la-Vieille
Habergy
Haccourt
Hachy
Hacquegnies
Haillot
Haine-Saint-Paul
Haine-Saint-Pierre
Hainin
Hakendover
Halanzy
Halen
Hallaar
Halle
Halle-Booienhoven
Halleux
Halma
Halmaal
Haltinne
Ham
Hamipré
Hamme
Hamme-Mille
Hamoir
Hamois
Hamont
Hamont-Achel
Hampteau
Ham-sur-Heure
Ham-sur-Heure/Nalinnes
Ham-sur-Sambre
Handzame
Haneffe
Hannêche
Hannut
Hanret
Hansbeke
Han-sur-Lesse
Hantes-Wihéries
Hanzinelle
Hanzinne
Harchies
Harelbeke
Haren
Hargimont
Harmignies
Harnoncourt
Harre
Harsin
Harveng
Harzé
Hasselt
Hastière
Hastière-Lavaux
Hastière-par-Delà
Hatrival
Haulchin
Hauset
Haut-Fays
Haut-Ittre
Haut-le-Wastia
Hautrage
Havay
Havelange
Haversin
Havinnes
Havré
Hechtel
Heer
Heers
Hees
Heestert
Heffen
Heikruis
Heindonk
Heinsch
Heist-aan-Zee
Heist-Op-Den-Berg
Hekelgem
Heks
Helchin
Helchteren
Heldergem
Hélécine
Helen-Bos
Helkijn
Hellebecq
Hemelveerdegem
Hemiksem
Hemptinne
Hemptinne-lez-Florennes
Hendrieken
Henis
Hennuyères
Henri-Chapelle
Henripont
Hensies
Heppen
Heppenbach
Heppignies
Herbeumont
Herchies
Herderen
Herdersem
Herent
Herentals
Herenthout
Herfelingen
Hergenrath
Hérinnes-lez-Pecq
Herk-de-Stad
Hermalle-sous-Argenteau
Hermalle-sous-Huy
Hermée
Hermeton-sur-Meuse
Herne
Héron
Herquegies
Herseaux
Herselt
Herstal
Herstappe
Hertain
Herten
Hertsberge
Herve
Herzele
Heule
Heure
Heure-le-Romain
Heurne
Heusden
Heusden-Zolder
Heusy
Hever
Heverlee
Hévillers
Heyd
Hillegem
Hingene
Hingeon
Hives
Hoboken
Hodeige
Hodister
Hody
Hoegaarden
Hoeilaart
Hoeke
Hoelbeek
Hoeleden
Hoepertingen
Hoeselt
Hoevenen
Hofstade
Hogne
Hognoul
Hollain
Hollange
Hollebeke
Hollogne-aux-Pierres
Hollogne-sur-Geer
Holsbeek
Hombeek
Hombourg
Hompré
Hondelange
Honnay
Honnelles
Hooglede
Hoogstade
Hoogstraten
Horebeke
Horion-Hozémont
Hornu
Horpmaal
Horrues
Hotton
Houdemont
Houdeng-Aimeries
Houdeng-Goegnies
Houdremont
Houffalize
Hour
Housse
Houtaing
Houtain-le-Val
Houtain-Saint-Siméon
Houtave
Houtem
Houthalen
Houthalen-Helchteren
Houthem
Houthulst
Houtvenne
Houwaart
Houx
Houyet
Hove
Hoves
Howardries
Huccorgne
Huise
Huissignies
Huizingen
Huldenberg
Hulshout
Hulsonniaux
Hulste
Humain
Humbeek
Hundelgem
Huppaye
Huy
Hyon
Ichtegem
Iddergem
Idegem
Ieper
Impe
Incourt
Ingelmunster
Ingooigem
Irchonwelz
Isières
Isnes
Itegem
Itterbeek
Ittre
Ivoz-Ramet
Ixelles
Izegem
Izel
Izenberge
Izier
Jabbeke
Jalhay
Jallet
Jamagne
Jambes
Jamiolle
Jamioulx
Jamoigne
Jandrain-Jandrenouille
Jauche
Jauchelette
Javingue
Jehay
Jehonville
Jemappes
Jemelle
Jemeppe-sur-Meuse
Jemeppe-sur-Sambre
Jeneffe
Jesseren
Jette
Jeuk
Jodoigne
Jodoigne-Souveraine
Jollain-Merlin
Joncret
Julémont
Jumet
Jupille-sur-Meuse
Juprelle
Jurbise
Juseret
Kaaskerke
Kachtem
Kaggevinne
Kain
Kalken
Kallo
Kalmthout
Kampenhout
Kanegem
Kanne
Kapellen
Kapelle-op-den-Bos
Kaprijke
Kaster
Kasterlee
Kaulille
Keerbergen
Keiem
Kelmis
Kemexhe
Kemmel
Kemzeke
Kerkhove
Kerkom
Kerkom-bij-Sint-Truiden
Kerksken
Kermt
Kerniel
Kersbeek-Miskom
Kessel
Kessel-Lo
Kessenich
Kester
Kettenis
Keumiée
Kieldrecht
Kinrooi
Kleine-Brogel
Kleine-Spouwen
Klein-Gelmen
Klemskerke
Klerken
Kluisbergen
Kluizen
Knesselare
Knokke
Knokke-Heist
Kobbegem
Koekelare
Koekelberg
Koersel
Koksijde
Kolmont
Komen
Komen-Waasten
Koningshooikt
Koninksem
Kontich
Kooigem
Koolkerke
Koolskamp
Korbeek-Dijle
Korbeek-Lo
Kortemark
Kortenaken
Kortenberg
Kortessem
Kortijs
Kortrijk
Kortrijk-Dutsel
Kozen
Kraainem
Krombeke
Kruibeke
Kruishoutem
Kumtich
Kuringen
Kuttekoven
Kuurne
Kwaadmechelen
Kwaremont
La Bouverie
La Calamine
La Glanerie
La Gleize
La Hestre
La Hulpe
La Louvière
La Reid
La Roche-en-Ardenne
Laar
Laarne
Labuissière
Lacuisine
Ladeuze
Laeken
Laforêt
Lahamaide
Lamain
Lambermont
Lambusart
Lamine
Lamontzée
Lamorteau
Lampernisse
Lanaken
Lanaye
Landegem
Landelies
Landen
Landenne
Landskouter
Laneffe
Langdorp
Langemark
Langemark-Poelkapelle
Lanklaar
Lanquesaint
Lantin
Lantremange
Laplaigne
Lapscheure
Lasne
Lasne-Chapelle-St-Lambert
Lathuy
Latinne
Latour
Lauw
Lauwe
Lavacherie
Lavaux-Sainte-Anne
Lavoir
Le Mesnil
Le Roeulx
Le Roux
Lebbeke
L'Ecluse
Lede
Ledeberg
Ledegem
Leefdaal
Leerbeek
Leernes
Leers-et-Fosteau
Leers-Nord
Leest
Leeuwergem
Leffinge
Léglise
Leignon
Leisele
Leke
Lembeek
Lembeke
Lemberge
Lendelede
Lennik
Lens
Lens-Saint-Remy
Lens-Saint-Servais
Lens-sur-Geer
Leopoldsburg
Les Avins
Les Bulles
Les Hayons
Les Waleffes
L'Escaillère
Lesdain
Lessines
Lessive
Lesterny
Lesve
Lettelingen
Letterhoutem
Leugnies
Leupegem
Leut
Leuven
Leuze
Leuze-en-Hainaut
Leval-Chaudeville
Leval-Trahegnies
Liberchies
Libin
Libramont-Chevigny
Lichtaart
Lichtervelde
Liedekerke
Lieferinge
Liège
Lier
Lierde
Lierneux
Liernu
Liers
Liezele
Ligne
Ligney
Ligny
Lille
Lillo
Lillois-Witterzée
Limal
Limbourg
Limelette
Limerlé
Limont
Lincent
Linden
Linkebeek
Linkhout
Linsmeau
Lint
Linter
Lippelo
Lisogne
Lissewege
Lives-sur-Meuse
Lixhe
Lo
Lobbes
Lochristi
Lodelinsart
Loenhout
Loker
Lokeren
Loksbergen
Lombardsijde
Lombise
Lommel
Lommersweiler
Lompret
Lomprez
Loncin
Londerzeel
Longchamps
Longlier
Longueville
Longvilly
Lontzen
Lonzée
Loonbeek
Loppem
Lorcé
Lo-Reninge
Lot
Lotenhulle
Louette-Saint-Denis
Louette-Saint-Pierre
Loupoigne
Louvain-la-Neuve
Louveigné
Lovendegem
Lovenjoel
Loverval
Loyers
Lubbeek
Luingne
Lummen
Lustin
Luttre
Luxembourg
Maarkedal
Maarke-Kerkem
Maaseik
Maasmechelen
Mabompré
Machelen
Macon
Macquenoise
Maffe
Maffle
Magnée
Maillen
Mainvault
Maisières
Maissin
Maizeret
Mal
Maldegem
Malderen
Malempré
Malèves-Ste-Marie-Wastines
Malle
Malmédy
Malonne
Malvoisin
Manage
Manderfeld
Manhay
Mannekensvere
Maransart
Marbais
Marche-en-Famenne
Marche-les-Dames
Marche-lez-Ecaussinnes
Marchienne-au-Pont
Marchin
Marchipont
Marchovelette
Marcinelle
Marcourt
Marcq
Marenne
Mariakerke
Mariembourg
Marilles
Mark
Marke
Markegem
Marneffe
Marquain
Martelange
Martenslinde
Martouzin-Neuville
Masbourg
Masnuy-Saint-Jean
Masnuy-Saint-Pierre
Masnuy-St-Jean
Massemen
Massenhoven
Matagne-la-Grande
Matagne-la-Petite
Mater
Maubray
Maulde
Maurage
Mazée
Mazenzele
Mazy
Méan
Mechelen
Mechelen-aan-de-Maas
Mechelen-Bovelingen
Meeffe
Meensel-Kiezegem
Meer
Meerbeek
Meerbeke
Meerdonk
Meerhout
Meerle
Meeswijk
Meetkerke
Meeuwen
Meeuwen-Gruitrode
Mehaigne
Meigem
Meilegem
Meise
Meix-devant-Virton
Meix-le-Tige
Melden
Meldert
Melen
Mélin
Melkwezer
Melle
Mellery
Melles
Mellet
Mellier
Melsbroek
Melsele
Melsen
Membach
Membre
Membruggen
Mendonk
Menen
Merbes-le-Château
Merbes-Sainte-Marie
Merchtem
Merdorp
Mere
Merelbeke
Merendree
Merkem
Merksem
Merksplas
Merlemont
Mesen
Meslin-l'Evêque
Mesnil-Eglise
Mesnil-Saint-Blaise
Mespelare
Messancy
Messelbroek
Messines
Mesvin
Mettekoven
Mettet
Meulebeke
Meux
Mévergnies-lez-Lens
Meyrode
Michelbeke
Micheroux
Middelburg
Middelkerke
Miécret
Mielen-boven-Aalst
Mignault
Millen
Milmort
Minderhout
Mirwart
Modave
Moelingen
Moen
Moerbeke
Moerbeke-Waas
Moere
Moerkerke
Moerzeke
Moeskroen
Moha
Mohiville
Moignelée
Moircy
Mol
Molenbaix
Molenbeek-Saint-Jean
Molenbeek-Wersbeek
Molenbeersel
Molenstede
Mollem
Momalle
Momignies
Monceau-en-Ardenne
Monceau-Imbrechies
Monceau-sur-Sambre
Mons
Mons-lez-Liège
Monstreux
Mont
Montbliart
Mont-de-l'Enclus
Montegnée
Montenaken
Mont-Gauthier
Montignies-lez-Lens
Montignies-St-Christophe
Montignies-sur-Roc
Montignies-sur-Sambre
Montigny-le-Tilleul
Montleban
Montroeul-au-Bois
Montroeul-sur-Haine
Mont-Saint-André
Mont-Saint-Aubert
Mont-Sainte-Aldegonde
Mont-Sainte-Geneviève
Mont-Saint-Guibert
Mont-sur-Marchienne
Montzen
Moorsel
Moorsele
Moorslede
Moortsele
Mopertingen
Moregem
Moresnet
Morhet
Morialmé
Morkhoven
Morlanwelz
Morlanwelz-Mariemont
Mormont
Mornimont
Mortier
Mortroux
Mortsel
Morville
Mouland
Moulbaix
Mourcourt
Mouscron
Moustier
Moustier-sur-Sambre
Mouzaive
Moxhe
Mozet
Muizen
Mullem
Munkzwalm
Muno
Munsterbilzen
Munte
Musson
Mussy-la-Ville
My
Naast
Nadrin
Nafraiture
Nalinnes
Namêche
Namur
Nandrin
Naninne
Naomé
Nassogne
Natoye
Nazareth
Néchin
Neder-over-Heembeek
Nederboelare
Nederbrakel
Nederename
Nederhasselt
Nederokkerzeel
Nederzwalm-Hermelgem
Neerglabbeek
Neerharen
Neerhespen
Neerheylissem
Neerijse
Neerlanden
Neerlinter
Neeroeteren
Neerpelt
Neerrepen
Neervelp
Neerwaasten
Neerwinden
Neigem
Nerem
Nessonvaux
Nethen
Nettinne
Neufchâteau
Neufmaison
Neufvilles
Neu-Moresnet
Neupré
Neuville
Neuville-en-Condroz
Nevele
Niel
Niel-bij-As
Niel-bij-Sint-Truiden
Nieuwenhove
Nieuwenrode
Nieuwerkerken
Nieuwkapelle
Nieuwkerke
Nieuwkerken-Waas
Nieuwmunster
Nieuwpoort
Nieuwrode
Nijlen
Nil-St-Vincent-St-Martin
Nimy
Ninove
Nismes
Nivelles
Niverlée
Nives
Nobressart
Nodebais
Noduwez
Noirchain
Noirefontaine
Noiseux
Nokere
Nollevaux
Noorderwijk
Noordschote
Nossegem
Nothomb
Nouvelles
Noville
Noville-les-Bois
Noville-sur-Méhaigne
Nukerke
Obaix
Obigies
Obourg
Ochamps
Ocquier
Odeigne
Odeur
Oedelem
Oekene
Oelegem
Oeren
Oeselgem
Oetingen
Oeudeghien
Oevel
Offagne
Ogy
Ohain
Ohey
Oignies-en-Thiérache
Oisquercq
Oizy
Okegem
Olen
Oleye
Ollignies
Olloy-sur-Viroin
Olmen
Olne
Olsene
Omal
Ombret
Omezée
On
Onhaye
Onkerzele
Onnezies
Onoz
Onze-Lieve-Vrouw-Lombeek
Onze-Lieve-Vrouw-Waver
Ooigem
Ooike
Oomb
Oombergen
Oorbeek
Oordegem
Oostakker
Oostduinkerke
Oosteeklo
Oostende
Oosterzele
Oostham
Oostkamp
Oostkerke
Oostmalle
Oostnieuwkerke
Oostrozebeke
Oostvleteren
Oostwinkel
Opbrakel
Opdorp
Opglabbeek
Opgrimbie
Ophain-Bois-Seigneur-Isaac
Ophasselt
Opheers
Opheylissem
Ophoven
Opitter
Oplinter
Opoeteren
Opont
Opprebais
Oppuurs
Opvelp
Opwijk
Orbais
Orchimont
Orcq
Ordingen
Oret
Oreye
Orgeo
Ormeignies
Orp-Jauche
Orp-le-Grand
Orroir
Orsmaal-Gussenhoven
Ortho
Ostiches
Otegem
Oteppe
Othée
Otrange
Ottenburg
Ottergem
Ottignies
Oudegem
Oudekapelle
Oudenaarde
Oudenaken
Oudenburg
Oudergem
Oud-Heverlee
Oud-Turnhout
Ouffet
Ougrée
Oupeye
Outer
Outgaarden
Outrelouxhe
Outrijve
Ouwegem
Overboelare
Overhespen
Overijse
Overmere
Overpelt
Overrepen
Overwinden
Paal
Paifve
Pailhe
Paliseul
Pamel
Papignies
Parike
PARIS
Passendale
Patignies
Pâturages
Paulatem
Pecq
Peer
Peissant
Pellaines
Pellenberg
Pepingen
Pepinster
Perk
Péronnes-lez-Antoing
Péronnes-lez-Binche
Péruwelz
Pervijze
Perwez
Perwez-Haillot
Pesche
Pessoux
Petegem-aan-de-Leie
Petegem-aan-de-Schelde
Petigny
Petite-Chapelle
Petit-Enghien
Petit-Fays
Petit-Hallet
Petit-Rechain
Petit-Roeulx-lez-Braine
Petit-Roeulx-lez-Nivelles
Petit-Thier
Peutie
Philippeville
Piéton
Piétrain
Piètrebais
Pipaix
Piringen
Pironchamps
Pittem
Plainevaux
Plancenoit
Ploegsteert
Plombières
Poederlee
Poeke
Poelkapelle
Poesele
Pollare
Polleur
Pollinkhove
Pommeroeul
Pondrôme
Pont-à-Celles
Pont-de-Loup
Pontillas
Poperinge
Poppel
Popuelles
Porcheresse
Pottes
Poucet
Poulseur
Poupehan
Pousset
Presgaux
Presles
Profondeville
Proven
Pry
Pulderbos
Pulle
Purnode
Pussemange
Putte
Puurs
Quaregnon
Quartes
Quenast
Queue-du-Bois
Quevaucamps
Quévy-le-Grand
Quévy-le-Petit
Quiévrain
Rachecourt
Racour
Raeren
Ragnies
Rahier
Ramegnies
Ramegnies-Chin
Ramelot
Ramillies
Ramsdonk
Ramsel
Ramskapelle
Rance
Ransart
Ransberg
Ranst
Ravels
Rebaix
Rebecq
Rebecq-Rognon
Recht
Recogne
Redu
Reet
Rekem
Rekkem
Relegem
Remagne
Remersdaal
Remicourt
Renaix
Rendeux
Reninge
Reningelst
Renlies
Reppel
Ressaix
Ressegem
Resteigne
Retie
Retinne
Reuland
Rèves
Rhisnes
Rhode-Saint-Genèse
Richelle
Riemst
Rienne
Rièzes
Rijkel
Rijkevorsel
Rijkhoven
Rijmenam
Riksingen
Rillaar
Rivière
Rixensart
Robechies
Robelmont
Robertville
Roborst
Rochefort
Rochehaut
Rocherath
Roclenge-sur-Geer
Rocourt
Roesbrugge-Haringe
Roeselare
Rognée
Roisin
Roksem
Rollegem
Rollegem-Kapelle
Roloux
Roly
Romedenne
Romerée
Romershoven
Romsée
Rongy
Ronquières
Ronse
Ronsele
Roosbeek
Roosdaal
ROQUEFORT
Rosée
Roselies
Rosières
Rosmeer
Rosoux-Crenwick
Rossignol
Rotem
Rotheux-Rimière
Rotselaar
Roucourt
Rouveroy
Rouvreux
Rouvroy
Roux
Roux-Miroir
Roy
Rozebeke
Ruddervoorde
Ruette
Ruien
Ruisbroek
Ruiselede
Rukkelingen-Loon
Rulles
Rumbeke
Rumes
Rumillies
Rummen
Rumsdorp
Rumst
Runkelen
Rupelmonde
Russeignies
Rutten
's Gravenvoeren
's Gravenwezel
's Herenelderen
Saint-Amand
Saint-André
Saint-Aubin
Saint-Denis
Saint-Denis-Bovesse
Sainte-Cécile
Sainte-Marie-Chevigny
Sainte-Marie-sur-Semois
Sainte-Ode
Saintes
Saint-Georges-sur-Meuse
Saint-Gérard
Saint-Germain
Saint-Géry
Saint-Ghislain
Saint-Gilles
Saint-Hubert
Saint-Jean-Geest
Saint-Josse-ten-Noode
Saint-Léger
Saint-Marc
Saint-Mard
Saint-Martin
Saint-Maur
Saint-Médard
Saint-Nicolas
Saint-Pierre
Saint-Remy
Saint-Remy-Geest
Saint-Sauveur
Saint-Servais
Saint-Séverin
Saint-Symphorien
Saint-Vaast
Saint-Vincent
Saint-Vith
Saive
Salles
Samart
Sambreville
Samrée
Sankt Vith
Sars-la-Bruyère
Sars-la-Buissière
Sart-Bernard
Sart-Custinne
Sart-Dames-Avelines
Sart-en-Fagne
Sart-Eustache
Sart-lez-Spa
Sart-Saint-Laurent
Sautin
Sautour
Sauvenière
Schaarbeek
Schaerbeek
Schaffen
Schalkhoven
Schaltin
Schelderode
Scheldewindeke
Schelle
Schellebelle
Schendelbeke
Schepdaal
Scherpenheuvel
Schilde
Schoenberg
Schönberg
Schoonaarde
Schore
Schorisse
Schoten
Schriek
Schuiferskapelle
Schulen
Sclayn
Scy
Seilles
Sélange
Seloignes
Semmerzake
Seneffe
Sensenruth
Seny
Senzeille
Septon
Seraing
Seraing-le-Château
Serinchamps
Serskamp
Serville
Sibret
Signeulx
Sijsele
Silenrieux
Silly
Sinaai-Waas
Sinsin
Sint-Agatha-Berchem
Sint-Agatha-Rode
Sint-Amands
Sint-Amandsberg
Sint-Andries
Sint-Antelinks
Sint-Baafs-Vijve
Sint-Blasius-Boekel
Sint-Denijs
Sint-Denijs-Boekel
Sint-Denijs-Westrem
Sint-Eloois-Vijve
Sint-Eloois-Winkel
Sint-Genesius-Rode
Sint-Gillis
Sint-Gillis-Waas
Sint-Goriks-Oudenhove
Sint-Huibrechts-Hern
Sint-Huibrechts-Lille
Sint-Jacobs-Kapelle
Sint-Jan
Sint-Jan-in-Eremo
Sint-Jans-Molenbeek
Sint-Job-in-'t-Goor
Sint-Joost-ten-Node
Sint-Joris
Sint-Joris-Weert
Sint-Joris-Winge
Sint-Katelijne-Waver
Sint-Katherina-lombeek
Sint-Kornelis-Horebeke
Sint-Kruis
Sint-Kruis-Winkel
Sint-Kwintens-Lennik
Sint-Lambrechts-Herk
Sint-Lambrechts-Woluwe
Sint-Laureins
Sint-Laureins-Berchem
Sint-Lenaerts
Sint-Lievens-Esse
Sint-Lievens-Houtem
Sint-Margriete
Sint-Maria-Horebeke
Sint-Maria-Latem
Sint-Maria-Lierde
Sint-Martens-Bodegem
Sint-Martens-Latem
Sint-Martens-Leerne
Sint-Martens-Lennik
Sint-Martens-Lierde
Sint-Martens-Voeren
Sint-Michiels
Sint-Niklaas
Sint-Pauwels
Sint-Pieters-Kapelle
Sint-Pieters-Leeuw
Sint-Pieters-Rode
Sint-Pieters-Voeren
Sint-Pieters-Woluwe
Sint-Rijkers
Sint-Stevens-Woluwe
Sint-Truiden
Sint-Ulriks-Kapelle
Sippenaeken
Sirault
Sivry
Sivry-Rance
Sleidinge
Slijpe
Slins
Sluizen
Smeerebbe-Vloerzegem
Smetlede
Smuid
Snaaskerke
Snellegem
Soheit-Tinlot
Sohier
Soignies
Soiron
Solre-Saint-Géry
Solre-sur-Sambre
Sombreffe
Somme-Leuze
Sommethonne
Sommière
Somzée
Sorée
Sorinne-la-Longue
Sorinnes
Sosoye
Sougné-Remouchamps
Soulme
Soumagne
Soumoy
Sourbrodt
Souvret
Sovet
Soy
Soye
Spa
Spalbeek
Spiennes
Spiere
Spiere-Helkijn
Spontin
Sprimont
Spy
Stabroek
Staden
Stalhille
Stambruges
Stave
Stavele
Stavelot
Steendorp
Steenhuffel
Steenhuize-Wijnhuize
Steenkerke
Steenkerque
Steenokkerzeel
Stekene
Stembert
Stene
Sterrebeek
Stevoort
St-Gillis-bij-Dendermonde
St-Margriete
St-Margriete-Houtem
St-Maria-Oudenhove
Stokkem
Stokrooie
Stoumont
St-Pieters-Kapelle
Straimont
Strée
Strée-lez-Huy
Strépy-Bracquegnies
Strijpen
Strijtem
Strombeek-Bever
Stuivekenskerke
Suarlée
Sugny
Surice
Suxy
Tailles
Taintignies
Tamines
Tarcienne
Tavier
Taviers
Tavigny
Tellin
Templeuve
Temploux
Temse
Tenneville
Teralfene
Terhagen
Termes
Ternat
Tertre
Tervuren
Terwagne
Tessenderlo
Testelt
Teuven
Theux
Thiaumont
Thieu
Thieulain
Thieusies
Thiméon
Thimister
Thimister-Clermont
Thimougies
Thines
Thirimont
Thisnes
Thommen
Thon
Thorembais-les-Béguines
Thorembais-Saint-Trond
Thoricourt
Thuillies
Thuin
Thulin
Thumaide
Thy-le-Bauduin
Thy-le-Château
Thynes
Thys
Tiegem
Tielen
Tielrode
Tielt
Tienen
Tignée
Tihange
Tildonk
Tilff
Tillet
Tilleur
Tillier
Tilly
Tinlot
Tintange
Tintigny
Tisselt
Toernich
Tohogne
Tollembeek
Tongeren
Tongerlo
Tongre-Notre-Dame
Tongre-Saint-Martin
Tongrinne
Tontelange
Torgny
Torhout
Tourinne
Tourinnes-la-Grosse
Tourinnes-Saint-Lambert
Tournai
Tournay
Tourpes
Transinne
Trazegnies
Treignes
Trembleur
Tremelo
Trivières
Trognée
Trois-Ponts
Trooz
Tubize
Turnhout
Uccle
Ucimont
Uikhoven
Uitbergen
Uitkerke
Ukkel
Ulbeek
Upigny
Ursel
Vaalbeek
Val-Meer
Vance
Varendonk
Varsenare
Vaucelles
Vaulx
Vaulx-lez-Chimay
Vaux-Chavanne
Vaux-et-Borset
Vaux-lez-Rosières
Vaux-sous-Chèvremont
Vaux-sur-Sûre
Vechmaal
Vedrin
Veerle
Velaines
Velaine-sur-Sambre
Veldegem
Veldwezelt
Vellereille-les-Brayeux
Vellereille-le-Sec
Velm
Velroux
Veltem-Beisem
Velzeke-Ruddershove
Vencimont
Vergnies
Verlaine
Verlée
Verrebroek
Vertrijk
Verviers
Vesqueville
Veulen
Veurne
Vezin
Vezon
Viane
Vichte
Vielsalm
Viemme
Viersel
Vierset-Barse
Vierves-sur-Viroin
Viesville
Vieux-Genappe
Vieuxville
Vieux-Waleffe
Villance
Ville-en-Hesbaye
Ville-Pommeroeul
Villerot
Villers-aux-Tours
Villers-Deux-Eglises
Villers-devant-Orval
Villers-en-Fagne
Villers-la-Bonne-Eau
Villers-la-Loue
Villers-la-Tour
Villers-la-Ville
Villers-le-Bouillet
Villers-le-Gambon
Villers-le-Peuplier
Villers-le-Temple
Villers-l'Evêque
Villers-lez-Heest
Villers-Notre-Dame
Villers-Perwin
Villers-Poterie
Villers-Saint-Amand
Villers-Sainte-Gertrude
Villers-Saint-Ghislain
Villers-Saint-Siméon
Villers-sur-Lesse
Villers-sur-Semois
Ville-sur-Haine
Vilvoorde
Vinalmont
Vinderhoute
Vinkem
Vinkt
Virelles
Virginal-Samme
Viroinval
Virton
Visé
Vissenaken
Vitrival
Vivegnis
Vivy
Vladslo
Vlamertinge
Vlekkem
Vleteren
Vlezenbeek
Vliermaal
Vliermaalroot
Vlierzele
Vlijtingen
Vlimmeren
Vlissegem
Vloesberg
Vodecée
Vodelée
Voeren
Vogenée
Volkegem
Vollezele
Vonêche
Voorde
Voormezele
Voort
Voroux-Goreux
Voroux-lez-Liers
Vorselaar
Vorsen
Vorst
Vosselaar
Vosselare
Vossem
Vottem
Vrasene
Vremde
Vreren
Vresse-sur-Semois
Vroenhoven
Vucht
Vurste
Vyle-et-Tharoul
Waanrode
Waarbeke
Waardamme
Waarloos
Waarmaarde
Waarschoot
Waasmont
Waasmunster
Waasten
Wachtebeke
Wadelincourt
Wagnelée
Waha
Waillet
Waimes
Wakken
Walcourt
Walem
Walhain
Walhain-Saint-Paul
Walhorn
Walsbets
Walshoutem
Waltwilder
Wambeek
Wancennes
Wandre
Wanfercée-Baulet
Wange
Wangenies
Wanlin
Wanne
Wannebecq
Wannegem-Lede
Wansin
Wanze
Wanzele
Warchin
Warcoing
Wardin
Waregem
Waremme
Waret-la-Chaussée
Waret-l'Evêque
Warisoulx
Warnant
Warnant-Dreye
Warneton
Warquignies
Warsage
Warzée
Wasmes
Wasmes-Audemez-Briffoeil
Wasmuel
Wasseiges
Waterland-Oudeman
Waterloo
Watermaal-Bosvoorde
Watermael-Boitsfort
Watervliet
Watou
Wattripont
Waudrez
Waulsort
Wauthier-Braine
Wavre
Wavreille
Wayaux
Ways
Webbekom
Wechelderzande
Weelde
Weerde
Weert
Wegnez
Weillen
Weismes
Welden
Welkenraedt
Welle
Wellen
Wellin
Wemmel
Wenduine
Wépion
Werbomont
Werchter
Wéris
Werken
Werm
Wervik
Wespelaar
Westende
Westerlo
Westkapelle
Westkerke
Westmalle
Westmeerbeek
Westouter
Westrem
Westrozebeke
Westvleteren
Wetteren
Wevelgem
Wezemaal
Wezembeek-Oppem
Wezeren
Wez-Velvain
Wibrin
Wichelen
Widooie
Wiekevorst
Wielsbeke
Wierde
Wiers
Wiesme
Wieze
Wihéries
Wihogne
Wijchmaal
Wijer
Wijgmaal
Wijnegem
Wijshagen
Wijtschate
Wilderen
Willaupuis
Willebringen
Willebroek
Willemeau
Willerzie
Wilrijk
Wilsele
Wilskerke
Wimmertingen
Winenne
Wingene
Winksele
Wintershoven
Witry
Wodecq
Woesten
Wolkrange
Woluwé-Saint-Lambert
Woluwé-Saint-Pierre
Wolvertem
Wommelgem
Wommersom
Wonck
Wondelgem
Wontergem
Wortegem
Wortegem-Petegem
Wortel
Woubrechtegem
Woumen
Wulpen
Wulvergem
Wulveringem
Wuustwezel
Xhendelesse
Xhendremael
Xhoris
Yernée-Fraineux
Yves-Gomezée
Yvoir
Zaffelare
Zandbergen
Zande
Zandhoven
Zandvliet
Zandvoorde
Zarlardinge
Zarren
Zaventem
Zedelgem
Zeebrugge
Zegelsem
Zele
Zelem
Zellik
Zelzate
Zemst
Zepperen
Zerkegem
Zétrud-Lumay
Zevekote
Zeveneken
Zeveren
Zevergem
Zichem
Zichen-Zussen-Bolder
Zillebeke
Zingem
Zoerle-Parwijs
Zoersel
Zolder
Zomergem
Zonhoven
Zonnebeke
Zonnegem
Zottegem
Zoutenaaie
Zoutleeuw
Zuidschote
Zuienkerke
Zulte
Zulzeke
Zutendaal
Zwalm
Zwevegem
Zwevezele
Zwijnaarde
Zwijndrecht