VIVALIA
HOPITAL D’ARLON
CENTRE HOSPITALIER EPICURA
ATH
VIVALIA – CENTRE HOSPITALER CENTRE ARDENNE
HOPITAL DE BASTOGNE
VIVALIA – HOPITAL PSYCHIATRIQUE DE BERTRIX
POLE HOSPITALIER JOLIMONT
Hopital de WARQUIGNIES
CENTRE HOSPITALIER EPICURA
HORNU
CHIREC - SARE
Hopital de BRAINE-L'ALLEUD

CENTRE HOSPITALIER LE DOMAINE
ACIS
HOPITAL PSYCHIATRIQUE st-CHARLES
GRAND HOPITAL DE CHARLEROI
NOTRE-DAME
CHU DE CHARLEROI
HOPITAL CIVIL MARIE CURIE
GRAND HOPITAL DE CHARLEROI
st-JOSEPH
CLINIQUE NOTRE-DAME DE GRACE
CHU DE CHARLEROI
VINCENT VAN GOGH
VAN GOGH
GRAND HOPITAL DE CHARLEROI
CENTRE PSYCHOTHERAPEUTIQUE DE JOUR
CHARLES-ALBERT FRERE
st-THERESE
A.C.I.S. - LA PETITE MAISON
CENTRE DE SANTE DES FAGNES
CHU UCL NAMUR
HOPITAL DINANT
st-VINCENT
stE-ANNE
CENTRE HOSPITALIER UNIVERSITAIRE DE LIEGE
OURTHE
AMBLEVE
ST.-NIKOLAUS HOSPITAL
FEUX FOLLETS
CHR SAMBRE – MEUSE
CHR SAMBRE–MEUSE
CHR SAMBRE et MEUSE
L’ACACIA
I.M.T.R.
IMTR
CLINIQUE ANDRE RENARD
HOPITAL DE LA CITADELLE
HERSTAL
CENTRE HOSPITALIER REGIONAL DE HUY
CPI
LES GOELANDS
POLE HOSPITALIER JOLIMONT
Hopital de JOLIMONT
CENTRE HOSPITALIER UNIVERSITAIRE TIVOLI
TIVOLI
HOPITAL PSYCHIATRIQUE ST.-JEAN DE DIEU
VIVALIA
CENTRE HOSPITALIER CENTRE ARDENNE
HOPITAL DE LIBRAMONT
CENTRE HOSPITALIER UNIVERSITAIRE DE LIEGE
NOTRE-DAME DES BRUYERES
C.H.S. CLINIQUE NOTRE DAME DES ANGES
CLINIQUE NOTRE DAME DES ANGES
CLINIQUE NEUROPSYCHIATRIQUE
IsoSL
CLINIQUES DE SOINS SPECIALISES VALDOR - PERI
HOPITAL VALDOR
HOPITAL PERI
HOPITAL DE LA CITADELLE
CITADELLE
LAVEU
HOPITAL DE JOUR UNIVERSITAIRE LA CLE
HOPITAL PSYCHIATRIQUE DU PETIT BOURGOGNE
AGORA
PETIT BOURGOGNE
CHC
Clinique CHC MontLégia
LOUIS HILLIER
SART-TILMAN
CENTRE HOSPITALIER SPECIALISE L’ACCUEIL
POLE HOSPITALIER JOLIMONT
HOPITAL DE LOBBES
CENTRE HOSPITALIER REINE ASTRID
CENTRE PSYCHIATRIQUE st-BERNARD
HOPITAL DE MARCHE
POLE HOSPITALIER JOLIMONT
HOPITAL DE MONS
CHU AMBROISE PARE
CHP CHENE AUX HAIES
CHU CHARLEROI – SITE CHU ANDRE VESALE
CHU CHARLEROI – CHU ANDRE VESALE
LEONARD DE VINCI
CENTRE HOSPITALIER DE MOUSCRON
CLINIQUE st-LUC
CENTRE NEUROPSYCHIATRIQUE ST.-MARTIN
CHU UCL NAMUR
STE. ELISABETH
FOYER st FRANCOIS
CHR SAMBRE-MEUSE
CHR Sambre et Meuse
HOPITAL PSYCHIATRIQUE DU BEAU VALLON
POLE HOSPITALIER JOLIMONT
Hopital DE NIVELLES
CLINIQUE st PIERRE
CENTRE HOSPITALIER NEUROLOGIQUE WILLIAM LENNOX
CLINIQUE CHC HERMALLE
CLINIQUE NEUROPSYCHIATRIQUE DE BONSECOURS
BONSECOURS
FOYER HORIZON
Centre de Soins St. Joseph
CENTRE HOSPITALIER EPICURA
BAUDOUR
KLINIK ST.-JOSEF
CENTRE HOSPITALIER BOIS DE L'ABBAYE
SERAING
CENTRE HOSPITALIER REGIONAL HAUTE SENNE
LE GOELAND
CENTRE HOSPITALIER REGIONAL HAUTE SENNE
st-VINCENT
LE TILLERIAU
CENTRE HOSPITALIER UNIVERSITAIRE DE LIEGE
CNRF
CENTRE HOSPITALIER DE WALLONIE PICARDE
NOTRE-DAME
UNION
IMC
CRP LES MARRONNIERS
POLE HOSPITALIER JOLIMONT
HOPITAL DE TUBIZE
GROUPE SANTE CHC
CLINIQUE CHC HEUSY
CHR VERVIERS
LA TOURELLE
CHR VERVIERS EAST BELGIUM
PELTZER
VIVALIA
HOPITAL DE VIRTON
Clinique CHC WAREMME
CENTRE HOSPITALIER BOIS DE L'ABBAYE
WAREMME
SILVA MEDICAL
SILVA MEDICAL Asbl
CLINIQUE DE LA FORET DE SOIGNES
CLINIQUE DU BOIS DE LA PIERRE
CLINIQUE PSYCHIATRIQUE FRERES ALEXIENS
GODINNE
Mont-Godinne







CLINIQUE st-JEAN
BOTANIQUE
CHU st-PIERRE
PORTE DE HAL
CESAR DE PAEPE
CHU BRUGMANN
VICTOR HORTA
HOPITAL ERASME
ULB
CENTRE DE TRAUMATOLOGIE ET DE READAPTATION
HOPITAL UNIVERSITAIRE DES ENFANTS REINE FABIOLA
CHU BRUGMANN
PAUL BRIEN
CENTRE HOSPITALIER JEAN TITECA
HOPITAUX IRIS SUD
BARON LAMBERT
CLINIQUES DE L’EUROPE
ST. MICHEL
HOPITAUX IRIS SUD
ETTERBEEK-IXELLES
CENTRE PSYCHO-SOCIAL ST. ALEXIUS
CHIREC
CHIREC  - SARE
CLINIQUE STE. ANNE - ST. REMI
Saint Anne
Saint Remi
JULES BORDET INSTITUT
HOPITAL ERASME
ERASME
L’EQUIPE
CENTRE ADOS
HOPITAUX IRIS SUD
JOSEPH BRACOPS
SILVA MEDICAL
SCHEUTBOS
VALISANA
VALIDA
CLINIQUE DE LA BASILIQUE
UNIVERSITAIR ZIEKENHUIS BRUSSEL
CLINIQUE SANS SOUCI
CLINIQUE ST. JEAN
LEOPOLD I
CHU BRUGMANN
REINE ASTRID
CHIREC – HOPITAL DELTA
LE BIVOUAC
PARHELIE
EPSYLON Asbl
LA RAMEE
FOND’ROY
AREA+
CLINIQUES DE L’EUROPE
STE. ELISABETH
HOPITAUX IRIS SUD
MOLIERE-LONGCHAMP
HOPITAL ERASME
HOPITAL DE REVALIDATION GERIATRIQUE
CLINIQUES UNIVERSITAIRES ST.-LUC
VALISANA
CLINIQUE SANATIA
CLINIQUE st–JEAN
MERIDIEN


ONZE-LIEVE-VROUW ZIEKENHUIS
OLV AALST
A.S.Z.
ASZ
AUTONOME VERZORGINGSINSTELLING
ASZ AALST
RZ HEILIG HART TIENEN
MEDISCH CENTRUM AARSCHOT
ZIEKENHUISNETWERK ANTWERPEN
ZNA MIDDELHEIM
KONINGIN PAOLA KINDERZIEKENHUIS
GZA ZIEKENHUIZEN
st-VINCENTIUS
AZ MONICA
ZNA st- ELISABETH
ZNA STUIVENBERG
PZ STUIVENBERG
ZIEKENHUISNETWERK ANTWERPEN
ZNA st-ERASMUS
DEURNE
ZNA HOGE BEUKEN
PSYCHIATRISCH ZIEKENHUIS BETHANIE
Elim-Kapellen
ZNA JAN PALFIJN
GZA- ZIEKENHUIZEN
st-AUGUSTINUS
ONZE-LIEVE-VROUW ZIEKENHUIS
OLV ASSE
PSYCHIATRISCH CENTRUM st-AMANDUS
VITAZ
BEVEREN-WAAS
ZORGGROEP st - KAMILLUS
KRIJKELBERG
AZ VESALIUS
MEDISCH CENTRUM AZ VESALIUS BILZEN
MEDISCH CENTRUM ST.-JOZEF
AZ ZENO
BLANKENBERGE
ZORGGROEP MULTIVERSUM
PZ ALEXIANEN
IMELDA ZIEKENHUIS
AZ RIVIERENLAND
BORNEM
DE MICK
AZ KLINA
AZ st-LUCAS
AZ st-JAN
st-JAN
SFX
PSYCHOTHERAPEUTISCH CENTRUM RUSTENBURG
PSYCHIATRISCH ZIEKENHUIS ONZE LIEVE VROUW
AZ st-VINCENTIUS
AZ st–BLASIUS
DENDERMONDE
AZ DIEST
STATIESTRAAT
HASSELTSESTRAAT
PSYCHIATRISCH ZIEKENHUIS st-ANNENDAEL
UPC DUFFEL
UZA
AZ ALMA
PSYCHIATRISCH ZIEKENHUIS st-JAN
PSYCHIATRISCH CENTRUM GENT
SLEIDINGE Vzw
SLEIDINGE
ZIEKENHUIS GEEL
OPENBAAR PSYCHIATRISCH ZORGCENTRUM GEEL
KINDERPSYCHIATRISCH CENTRUM
ZIEKENHUIS OOST–LIMBURG
st-JAN
AZ MARIA MIDDELARES
AZ MARIA MIDDELARES
AZ JAN PALFIJN
AZ st-LUCAS
UZ GENT
st-ALFONS
PSYCHIATRISCH CENTRUM GENT
SLEIDINGE Vzw
GENT
PSYCHIATRISCH CENTRUM DR. GUISLAIN
DR. GUISLAIN
DE DEYNE
st-ALFONS
AZ MARIA MIDDELARES
MEDISCH CENTRUM MARIA MIDDELARES
PSYCHIATRISCH ZIEKENHUIS KARUS
GENT
A.S.Z. AUTONOME VERZORGINGSINSTELLING
ASZ GERAARDSBERGEN
PSYCHIATRISCH ZIEKENHUIS st-ALEXIUS
ALGEMEENZIEKENHUIS st-MARIA
JESSA ZIEKENHUIS
SALVATOR
VIRGA JESSE
AZ HERENTALS
JESSA ZIEKENHUIS
ST.-URSULA
st-FRANCISCUS ZIEKENHUIS
JAN YPERMAN ZIEKENHUIS
IEPER
PSYCHIATRISCH ZIEKENHUIS HEILIG HART
st-JOZEFSKLINIEK
AZ ZENO
KNOKKE-HEIST
ASSOCIATIE UPC KU LEUVEN
KORTENBERG
KENNEDYLAAN
AZ GROENINGE
Stadscampus Reepkaai
PSYCHIATRISCH ZIEKENHUIS HEILIGE FAMILIE
ZIEKENHUIS OOST–LIMBURG
st-BARBARA
OPENBAAR PSYCHIATRISCH ZORGCENTRUM REKEM
PSYCHIATRISCH CENTRUM ARIADNE
UZ LEUVEN
STADSCAMPUS
REGIONAAL ZIEKENHUIS HEILIG HART
UZ LEUVEN
GASTHUISBERG
PSYCHIATRISCHE KLINIEK ALEXIANEN
ALEXIANEN ZORGGROEP TIENEN
MECHELSESTRAAT
ALGEMEEN ZIEKENHUIS HEILIG HART
LOKEREN
PELLENBERG
ZIEKENHUIS OOST-LIMBURG
MAAS EN KEMPEN
AZ VOORKEMPEN
AZ st-MAARTEN
PSYCHIATRISCH ZIEKENHUIS KARUS
MELLE
AZ DELTA
MENEN
PSYCHIATRISCH CENTRUM MENEN
HEILIG HART ZIEKENHUIS
GZA ZIEKENHUIZEN
st-JOZEF
ZORGGROEP MULTIVERSUM
PZ AMEDEUS
ONZE-LIEVE-VROUW ZIEKENHUIS
OLV NINOVE
AZ st-JAN
HENRI SERRUYS
AZ DAMIAAN
PSYCHIATRISCH ZIEKENHUIS FRAPELLO
OOSTERZELE
AZ OUDENAARDE
NOORDERHART
Mariaziekenhuis
KLINIEK ST. JOZEF
CENTRUM VOOR PSYCHIATRIE EN PSYCHOTHERAPIE
JAN YPERMAN ZIEKENHUIS
POPERINGE
AZ DELTA
BRUGSESTEENWEG
RUMBEKE
AZ GLORIEUX
AZ RIVIERENLAND
RUMST
st-NIKLAAS
PSYCHIATRISCH CENTRUM ST.HIERONYMUS
PSYCHIATRISCH ZIEKENHUIS st-LUCIA
st-TRUDO ZIEKENHUIS
PSYCHIATRISCH ZIEKENHUIS ASSTER
MELVEREN
PSYCHIATRISCH ZIEKENHUIS ASSTER
STAD
st-ANDRIESZIEKENHUIS
RZ HEILIG HART TIENEN
MARIENDAL
ST.-JAN
PSYCHIATRISCHE KLINIEK ALEXIANEN
ALEXIANEN ZORGGROEP TIENEN
LIEFDESTRAAT
AZ VESALIUS
AZ VESALIUS
TORHOUT
AZ TURNHOUT
st-ELISABETH
st-JOZEF
AZ WEST
AZ JAN PORTAELS
O.L.V. VAN LOURDES ZIEKENHUIS WAREGEM
JAN YPERMAN ZIEKENHUIS
WERVIK
A.S.Z.
AUTONOME VERZORGINGSINSTELLING
ASZ WETTEREN
AZ RIVIERENLAND
WILLEBROEK
AZ st-BLASIUS
ZELE
PSYCHIATRISCH CENTRUM st-JAN BAPTIST
ZIEKENHUISNETWERK ANTWERPEN
ZNA JOOSTENS
PSYCHIATRISCH ZIEKENHUIS BETHANIE
ZOERSEL
AZ st-ELISABETH
PSYCHIATRISCH ZIEKENHUIS FRAPELLO
ZOTTEGEM
Université catholique de Louvain
association sans but lucratif