Syndrome d'Aarskog-Scott
Syndrome d'Aase-Smith
Syndrome d'Abdallat-Davis-Farrage
Syndrome d'Abderhalden-Kaufmann-Lignac
Maladie d'Abercrombie
Syndrome d'Abercrombie
Syndrome d'Achard-Thiers
Tumeur d'Ackerman
Syndrome d'Adams-Oliver
Syndrome d'Adams–Stokes
Maladie d'Addison
Syndrome d'Adson-Caffey
Syndrome d'Ahumada-Del Castillo
Syndrome d'Aicardi
Syndrome d'Aicardi-Goutières
Syndrome d'Alagille
Maladie d'Albers-Schönberg
Maladie d'Albright
Maladie d'Albright-Butler-Bloomberg
Syndrome d'Albright-Hadorn
Syndrome d'Albright
Syndrome de Martin-Albright
Maladie d'Alexander
Syndrome d'Alibert-Bazin
Syndrome d'Alice au pays des merveilles
Syndrome de Todd
Syndrome d'Alpers-Huttenlocher
Syndrome d'Alport
Syndrome d'Alström
Syndrome d'Alvarez
Maladie d'Alzheimer
Maladie d'Anders
Maladie d'Andersen
Syndrome d'Andersen-Tawil
Maladie d'Anderson-Fabry
Syndrome d'Angelman
Syndrome d'Angelucci
Syndrome d'Anton-Babinski
Syndrome d'Apert
Maladie d'Aran–Duchenne
Changement néphropathique Armanni-Ebstein
Malformation d'Arnold-Chiari
Réaction d'Arthus
Syndrome d'Asherman
Syndrome d'Asperger
Syndrome d'Avellis
Syndrome d'Ayerza-Arrillaga
Syndrome de Baastrup
Babésiose
Maladie de Babington
Syndrome de Babinski-Fröhlich
Syndrome de Babinski-Froment
Syndrome de Babinski-Nageotte
Kyste de Baker
Syndrome de Baller-Gerold
Sclérose concentrique de Balo
Maladie de Bamberger
Maladie de Bamberger-Marie
Filariose de Bancroft
Maladie de Bang
Lésion de Bankart
Syndrome de Bannayan-Riley-Ruvalcaba
Syndrome de Bannayan-Zonana
Syndrome de Banti
Syndrome de Barány
Syndrome de Bardet-Biedl
Maladie de Barlow
Syndrome de Barlow
Syndrome de Barraquer-Simons
Syndrome de Barré-Liéou
Ulcère de Barrett
Syndrome de Bart-Pumphrey
Syndrome de Barth
Kyste de Bartholin
Syndrome de Bartter
Maladie de Basedow
Syndrome de Basedow
Syndrome de Bassen-Kornzweig
Maladie de Batten
Maladie de Bazin
Dystrophie musculaire de Becker
Syndrome de Beckwith-Wiedemann
Maladie de Behçet
Maladie de Bekhterev
Paralysie des cloches
Syndrome de Benedikt
Syndrome de Benjamin
Lipodystrophie congénitale Berardinelli–Seip
Syndrome de Berdon
Maladie de Berger
Maladie de Bergeron
Syndrome de Bernard
Syndrome de Bernard-Soulier
Paresthésie de Bernhardt-Roth
Syndrome de Bernheim
prurigo de Besnier
Maladie de Besnier–Boeck–Schaumann
Anémie de Biermer
Dystrophie cristalline de Bietti
Encéphalite du tronc cérébral de Bickerstaff
Bilharziose
Syndrome de Binder
Syndrome de Bing-Horton
Syndrome de Bing-Neel
Démence de Binswanger
Syndrome de Birt-Hogg-Dubé
Syndrome de Bland-White-Garland
Syndrome de Bloch–Sulzberger
Syndrome de Bloom
Syndrome de Blount
Syndrome de Boerhaave
Syndrome de Bogorad
Syndrome de Bonnevie-Ullrich
Maladie de Bourneville–Pringle
Maladie de Bowen
Syndrome de Brachman de Lange
Syndrome de Brailsford-Morquio
Syndrome de Brandt
Tumeur de Brenner
Rein de brasseur
Maladie de Bright
Maladie de Brill–Symmers
Maladie de Brill-Zinsser
Syndrome de briquet
Maladie de Brissaud
Syndrome de Brissaud-Sicard
L'apoplexie de Broadbent
Syndrome de Brock
Abcès de Brodie
Syndrome de Brodie
Épithéliome de Brooke
Syndrome de Brown-Séquard
Brucellose
Maladie de Bruck–de Lange
Syndrome de Brugada
Syndrome de Bruns
Syndrome de Bruton-Gitlin
Syndrome de Budd-Chiari
Maladie de Buerger
Syndrome de Bumke
Syndrome de Bürger-Grütz
Lymphome de Burkitt
Syndrome de Burnett
Syndrome de Bywaters
Syndrome de Caffey-Silverman
Maladie de Calvé
Maladie de Camurati-Engelmann
Maladie de Canavan
Maladie du canon
Syndrome de Cantú
Illusion de Capgras
Syndrome de Caplan
Complexe Carney
Triade Carney
Syndrome de Carney-Stratakis
Syndrome de Caroli
Maladie de la charogne
Maladie de Castleman
Syndrome de Céstan-Chenais
Maladie de Chagas
Maladie de Charcot
Maladie de Charcot–Marie–Tooth
Syndrome de Charles Bonnet
Maladie de Cheadle
Syndrome de Chédiak-Higashi
Malformation de Chiari
Syndrome de Chiari-Frommel
Syndrome de Chilaiditi
Syndrome Christ–Siemens–Touraine
Maladie de Christensen-Krabbe
Maladie de Noël
Syndrome de Churg-Strauss
Syndrome de Claude
Syndrome de Claude Bernard-Horner
Syndrome de Clerambault
Syndrome de Clerambault-Kandinsky
Maladie de Coats
Tumeur particulière du coq
Syndrome de Cockayne
Syndrome de Coffin-Lowry
Syndrome de Coffin-Siris
Syndrome de Cogan
Syndrome de Cohen
Syndrome de Collet-Sicard
Maladie de Concato
Syndrome de Conn
Anémie de Cooley
Maladie de Cori
Syndrome de Cornelia de Lange
Syndrome de Costello
Syndrome de Costen
Illusion de Cotard
Syndrome de Cotard
Syndrome de Cowden
Syndrome de Crigler-Najjar
Maladie de Creutzfeldt–Jakob
Syndrome de Crocq-Cassirer
Maladie de Crohn
Syndrome de Cronkhite-Canada
Syndrome de Crouzon
Maladie de Cruveilhier–Baumgarten
Maladie de Cruz
Syndrome de Cryer
Ulcère de curling
Syndrome de Curschmann-Batten-Steinert
Maladie de Cushing
Ulcère de Cushing
Syndrome de Da Costa
Maladie de Dalrymple
Syndrome de Danbolt-Closs
Syndrome de Dandy-Walker
Syndrome de Clérambault
maladie de Quervain
Thyroïdite de Quervain
Maladie de Dejerine–Sottas
Syndrome de Dennie-Marfan
Maladie de Dent
Syndrome de Denys-Drash
Maladie de Dercum
Maladie de Devic
Anémie Diamond–Blackfan
Syndrome de DiGeorge
Maladie de Di Guglielmo
Syndrome de Diogène
Syndrome de Doege-Potter
Syndrome de Donnai-Barrow
Donovanose
Syndrome de Down
Syndrome de Dravet
Syndrome de Dressler
Syndrome de Duane
Syndrome de Dubin-Johnson
Maladie de Duchenne–Aran
Dystrophie musculaire de Duchenne
Maladie de Dukes
Maladie de Duncan
Contracture de Dupuytren
Maladie de Duroziez
Maladie d'Eales
Maladie d'Alzheimer précoce
L'anomalie d'Ebstein
Syndrome d'Edwards
Syndrome d'Ehlers-Danlos
Ehrlichiose
Syndrome d'Eisenmenger
Syndrome d'Ekbom
Syndrome d'Emmanuel
Dystrophie musculaire d'Emery-Dreifuss
Paralysie d'Erb–Duchenne
Maladie d'Erdheim-Chester
Syndrome d'Evans
Maladie de Paget extramammaire
Maladie de Fabry
Anémie de Fanconi
Syndrome de Fanconi
Maladie de Farber
Syndrome de Felty
Syndrome de Fitz-Hugh-Curtis
Syndrome de Foix–Alajouanine
Gangrène de Fournier
Syndrome de Forbes-Albright
Maladie de Forbes
Illusion de Fregoli
Syndrome de Frey
L'ataxie de Friedreich
Syndrome de Fritsch-Asherman
Syndrome de Fryns
Dystrophie de Fuchs
Syndrome de Ganser
Maladie de Gaucher
Syndrome de Gerbec-Morgagni-Adams-Stokes
Complexe de Ghon
Focus Ghon
Syndrome de Gilbert
Syndrome de Gitelman
La thrombasthénie de Glanzmann
Syndrome de Goodpasture
Syndrome de Goldenhar
Syndrome de Gorlin-Goltz
Syndrome de Gouverneur
Maladie de Basedow
Maladie de Graves-Basedow
Tumeur de Grawitz
Myélinopathie de Grinker
Syndrome de Gruber
Syndrome de Guillain-Barré
Maladie de Gunther
Maladie de Hailey-Hailey
Maladie de Hallervorden-Spatz
Maladie Hand–Schüller–Christian
Maladie de Hansen
Syndrome de Hardikar
Maladie de Hartnup
Thyroïdite de Hashimoto
Syndrome de Havisham
Syndrome de Hecht-Scott
Purpura Henoch–Schönlein
Syndrome de Heyde
Maladie de Hirschsprung
Maladie de Hodgkin
Syndrome de Holt-Oram
Syndrome de Horner
Mal de tête Horton
Maladie de Huntington
Syndrome de Hurler
Syndrome de Hurler-Scheie
Syndrome de progéria de Hutchinson-Gilford
Syndrome d'Illig
Syndrome d'Irvine-Gass
Maladie de Jaeken
Maladie de Jakob-Creutzfeldt
Syndrome de Jalili
Maladie de Jarvi–Nasu–Hakola
Syndrome de Johanson-Blizzard
Maladie de Kahler
Syndrome de Kallmann
Syndrome de Kanner
Sarcome de Kaposi
Syndrome de Kartagener
Syndrome de Kasabach-Merritt
Maladie de Kashin-Beck
Maladie de Kawasaki
Syndrome de Kearns-Sayre
Maladie de Kennedy
Syndrome de Kennedy
Syndrome de Kenny
Maladie de Kienbock
Maladie de Kikuchi
Maladie de Kimmelstiel-Wilson
Maladie de Kimura
Syndrome de King-Kopetzky
Syndrome de Kinsbourne
Neuropathie optique de Kjer
Tumeur de Klatskin
Syndrome de Klinefelter
Syndrome de Klüver-Bucy
Maladie de Köhler
Syndrome de Korsakoff
Syndrome de Kounis
Maladie de Krabbe
Tumeur de Krukenberg
Maladie de Kugelberg-Welander
Tumeur de Kuttner
Maladie de Lafora
Syndrome de Laron
Syndrome de Laurence-Moon
Syndrome de Laurence-Moon-Bardet-Biedl
Syndrome de Legg–Calvé–Perthes
Maladie de Leigh
Syndrome de Leiner
Leishmaniose
Syndrome de Lejeune
Syndrome de Lemierre
Maladie de Lenègre
Syndrome de Lennox-Gastaut
Syndrome de Lesch-Nyhan
Maladie de Letterer–Siwe
Maladie de Lev
Dysplasie de Lewandowsky-Lutz
Syndrome de Li-Fraumeni
Maladie de Libman–Sacks
Syndrome de Liddle
Blessure de Lisfranc
Listériose
Lobomycose
Syndrome de Loeys-Dietz
Endocardite à éosinophiles de Löﬄer
Syndrome de Löfgren
Maladie de Lou Gehrig
Syndrome de Lowe
L'angine de Ludwig
Syndrome de Lujan-Fryns
Syndrome de Lynch
Maladie de Machado-Joseph Açore
Syndrome de Marie-Foix-Alajouanine
Maladie de Charcot
Syndrome de Mallory-Weiss
Mansonelliase
Sclérose en plaques de Marburg
Syndrome de Marfan
Syndrome de Marshall
Syndrome de Marshall-Smith-Weaver
Syndrome de Martin-Albright
Anomalie May–Hegglin
Hernie de Maydl — Karel Maydl
Syndrome de Mayer-Rokitansky-Küster-Hauser
Réaction de Mazzotti
La maladie de McArdle
Syndrome de McCune–Albright
Syndrome de Meckel-Gruber
Syndrome de Meigs
Maladie de Ménétrier
Maladie de Ménière
Maladie de Menkes
Syndrome de Middleton
syndrome de Mirizzi
Maladie de Mikulicz
Syndrome de Miss Havisham
La maladie de Mondor
La maladie de Monge
Maladie de Mortimer
Névrome de Morton
Syndrome de Moschcowitz
Syndrome de Mowat-Wilson
Maladie de Mucha–Habermann
Syndrome de Mulvihill-Smith
Syndrome de Munchausen
Syndrome de Munchausen par procuration
Syndrome de Myhre-Riley-Smith
Maladie de Nasu–Hakola
Lymphome non hodgkinien
Syndrome de Noonan
Maladie d'Ormond
Maladie d'Osgood-Schlatter
Syndrome d'Osler-Weber-Rendu
Syndrome d'Othello
La maladie osseuse de Paget
Maladie de Paget du sein
La maladie de Paget du pénis
Maladie de Paget de la vulve
Maladie de Paget–Schroetter
Maladie de Parkinson
Syndrome de Patau
Syndrome de Pearson
Maladie de Pelizaeus–Merzbacher
Syndrome de Perthes
Syndrome de Peutz-Jeghers
Maladie de La Peyronie
Syndrome de Pfaundler-Hurler
Maladie de Pick
Syndrome de Pickardt
Maladie de Plummer
Syndrome de Plummer-Vinson
syndrome de Pliouchkine
Syndrome de Poland
La maladie de Pompe
Mal de Pott
Tumeur gonﬂée de Pott
Syndrome de Potocki-Lupski
Syndrome de Potocki-Shaffer
Séquence Potter
Syndrome de Prader-Willi
Syndrome de Prasad
Syndrome de la primevère
Angine de Prinzmetal
Syndrome de Purtilo
Syndrome de Quarelli
Syndrome de Quervain
Syndromes de Ramsay Hunt
Complexe de Ranke
Syndrome de Raymond Céstan
Maladie de Raynaud
Maladie de Refsum
Syndrome de Reiter
Syndrome de Rett
Syndrome de Reye
Rickettsiose
Syndrome de Riddoch
Thyroïdite de Riedel
Maladie de Riggs
Syndrome de Riley-Day
Syndrome de Riley-Smith
Maladie de Ritter
Maladie de Robles
Maladie de Roger
Épilepsie rolandique
Syndrome du rotor
Syndrome de Rubinstein-Taybi
Syndrome de Russell-Silver
Syndrome de Ruvalcaba-Myhre
Syndrome de Ruvalcaba–Myhre–Smith
Syndrome de Ruzicka–Goerz–Anton
La triade des saints
Maladie de Sandhoff
Syndrome de Sandifer
Maladie de Schamberg
Syndrome de Scheie
Maladie de Scheuermann
Maladie de Schilder
Syndrome de Schinzel-Giedion
Syndrome de Schnitzler
Syndrome de Seaver Cassidy
Maladie de Seligmann
Maladie de Sever
Syndrome de Shabbir
Syndrome de Sheehan
syndrome de Shprintzen
Syndrome de Shwachman-Bodian-Diamond
Syndrome Silver-Russell
Syndrome de Simmonds
Syndrome de Sipple
Syndrome de Sjögren
Syndrome de Sjögren-Larsson
Syndrome de Skumin
Syndrome de Smith-Lemli-Opitz
Maladie de Stargardt
Syndrome de Steele-Richardson-Olszewski -
Syndrome de Stevens-Johnson
Syndrome de Sturge-Weber
Maladie de Still
Syndrome de Susac
Maladie de Sutton
Syndrome TAN
Artérite de Takayasu
Syndrome de Tatton-Brown-Rahman
Maladie de Tay-Sachs
Theilériose
Maladie de Thomsen
Syndrome de Tietz
Syndrome de Tietze
Syndrome de Todd
Syndrome de Tourette
Syndrome de Treacher Collins
Syndrome de Turcot
Syndrome de Turner
Maladie d'Unverricht-Lundborg
Syndrome d'Usher
Syndrome de Valentino
Syndrome de Verner Morrison
L'angine de Vincent
Syndrome de Virchow
Maladie de Vogt-Koyanagi-Harada
Maladie de von Gierke
Maladie de Von Hippel–Lindau
Maladie de von Recklinghausen
Maladie de von Willebrand
Psoriasis pustuleux généralisé de Von Zumbusch
Syndrome de Von Zumbusch
Syndrome de Waardenburg
Syndrome de Waldenstrom-Kjellberg
Macroglobulinémie de Waldenstrom
Syndrome de Warkany
Tumeur de Warthin
Syndrome de Waterhouse-Friderichsen
Syndrome de Watson
Maladie de Weber-Christian
Granulomatose de Wegener
La maladie de Weil
Myopathie distale de Welander
Syndrome de Wells
Maladie de Werdnig-Hoffmann
syndrome de Wermer
syndrome de Werner
Encéphalopathie de Wernicke
Syndrome de Westerhof
Syndrome de Westerhof–Beemer–Cormane
Maladie de Whipple
Syndrome de Williams
Tumeur de Wilms
Maladie de Wilson
Syndrome de Willis-Ekbom
Syndrome de Wiskott-Aldrich
Syndrome de Wittmaack-Ekbom
Maladie de Wohlfart–Kugelberg–Welander
Syndrome de Wolff-Parkinson-White
Maladie de Wolman
Encéphalopathie de Wernicke
Syndrome de Wernicke-Korsakoff
Syndrome yesudian
Syndrome de Zahorsky I
Syndrome de Zellweger
Diverticule Zenker
Paralysie de Zenker
Syndrome de Zieve
Syndrome de Zimmermann-Laband
Syndrome de Zollinger-Ellison
Syndrome de Zondek-Bromberg-Rozin
Syndrome de Zuelzer
Syndrome de Zuelzer-Kaplan
Syndrome de Zuelzer-Ogden
Psoriasis de Zumbusch
Syndrome de Zumbusch


Fracture de Bankart
Bankart
Fracture de Barton
Fracture de Bennett
Fracture de Bosworth
Fracture du pare-chocs
Fracture du chauffeur
Fracture-luxation de Chopart
Fracture de Chopart
Chopart
Fracture du pelleteur d'argile
Fracture de Colles
Fracture de Pouteau
Fracture de Pouteau-Colles
Pouteau-Colles
Fracture de Duverney
Fracture d'Essex-Lopresti
Fracture de Galeazzi
Fracture de Gosselin
Fracture de Hill-Sachs
Fracture de Holstein-Lewis
Fracture de Holdsworth
Fracture de Hume
Fracture de Jefferson
Fracture de Jones
Fractures du Fort
Fracture de la cheville de Le Fort
Fracture de Le Fort
Fracture de LeFort
Fracture de Lisfranc
Fracture de Maisonneuve
Fracture de Malgaigne
Fracture de Monteggia
Fracture de Moore
Fracture de Pott
Fracture de Rolando
Fracture du coureur
Fracture de Salter-Harris
Fracture de Segond
Fracture de Smith
Fracture de Stieda
Fracture de Tillaux

Pyéloplastie d'Anderson-Hynes
Réparation Bankart
Chirurgie de Bankart
Opération de Bankart
Fundoplicature de Belsey
La procédure de Bentall
Bentall
bloc de Bier
opération de Billroth
Billroth
Dérivation Blalock-Hanlon
Dérivation Blalock-Taussig
triangle de Burrow
gastroplastie de Collis


Fracture de l'aviateur
Fracture de Bankart
Fracture de Barton
Fracture de Bennett
Fracture du boxeur
Fracture du pare-chocs
Fracture en rafale
Fracture de Bosworth
Risque de fracture
Fracture-luxation de Chopart
Fracture Clay-Shoveller
Fracture de Colles
Fracture de coton
Fracture de Dupuytren
Fracture de Duverney
Fracture d'Essex-Lopresti
Fracture de Galeazzi
Fracture de Gosselin
Fracture du pendu
Fracture de Holstein-Lewis
Fracture de Holdsworth
Fracture de Hutchinson
Fracture de Hoffa
Fracture de Hume
Fracture de Jefferson
Fracture de Jones
Fracture de Lisfranc
Fracture de mars
Fracture de Maisonneuve
Fracture de Malgaigne
Fracture de Monteggia
Fracture de Moore
Fracture du bâton de nuit
Fracture du pilon
Fracture-luxation de pipkin
Fracture de Plafond
Fracture de Pott
Fracture de Rolando
Fracture de Segond
Fracture du berger
Fracture latérale
Fracture de Smith
Fracture de Stieda
Fracture à cheval
Fracture par avulsion de Tillaux-Chaput
Fracture par avulsion de Wagstaffe-Le Fort
Fracture par avulsion de Volkmann
Classement Bado
Classement Danis
Classement Denis
Classement Evans-Jensen
Classement Ficat
Classement Frykman
Classiﬁcation des jardins
Classement Gartland
Zone Gruen
Classiﬁcation des fractures ouvertes de Gustilo
Classement Haruguchi
La classiﬁcation de Hawkin
Classement Herbert
Classement Herscovici
Classement Ideberg
Classiﬁcation de Jupiter et Mehne
Classement Lauge-Hansen
Fracture du crâne Le Fort
Classiﬁcation de Loder
Classement Mayﬁeld
Classiﬁcation du lait
Classement Neer
Classiﬁcation Pipkin
Classement de Pauwel
Classiﬁcation de Riseborough et Radin
Classement Ruedi-Allgower
Fracture de Salter
Classiﬁcation de Schatzker des fractures du plateau tibial
Classiﬁcation des carreaux
Classiﬁcation de Schatzker des fractures de l'olécrane
Classement Sanders
Classement Seddon
Classiﬁcation Seinsheimer
Classement de Schenck
Classiﬁcation de Teisen
Classement Tscherne
Classiﬁcation de Thompson et Epstein
Classement de Vancouver
Classiﬁcation de Wassel
Classement Winquist et Hansen
Classement Young-Burgess
Ostéotomie Akin
Réparation Bankart
Procédure Broström
Procédure Brunelli
Instrumentation Cotrel
Réduction d'épaule de Cunningham
Procédure de Darrach
Procédure Darrah
Technique d'Evans
Procédure de Girdlestone
Procédure Keller
Manœuvre de Kocher
Procédure de Krukenberg
Procédure Latarjet
Procédure de Mumford
Méthode Ponseti
Arthroplastie de Swanson
Chirurgie Tommy John
Ostéotomie de Weil
Procédure Weaver
Procédure de Zadek
Tubercule de Gerdy
Canal de Guyon
groove de Harrison
Canal haversien
Ligament de Humphrey
Joint de Lisfranc
Ligament de Lisfranc
Tubercule de Lister
Anastomose de Martin-Gruber
Les nœuds de Schmorl
Les canaux de Volkmann
Score de la hanche de Harris
Critères de Kocher
Score de Mirel
Score de Rowe
Lésion d'Andersson
Signe de Baastrup
Les nœuds de Bouchard
Déformation de la boutonnière
Signe de Coopernail
Triangle de Codman
Signe de Destot
signe de Frankel
nœud de Heberden
noeud de Heberden
Signe de Kanavel
signe de Larrey
Marche Trendelenburg
Test d'Allis
Test de mouture d'Apley
Test de rayure d'Apley
La manœuvre de Barlow
Test de Clarke
Test de Cozen
Test de coton
test de Durkan
Test de Finkelstein
Signe de Froment
test de Jobe
Score de Kapandji
Test de Gaenslen
Test de Galeazzi
Test de Gerber
Test de Hawkins
Manœuvre de Hubscher
Manoeuvre de Hubscher
Test de Lachman
Signe de Lasègue
Test de McMurray
Signe de Mulder
Signe de conﬂit de Neer
Test d'O'Brien
Test d'Ober
Test d'Ortolani
Test de Patrick
Manœuvre de Phalen
Test de Simmonds
Test de Schober
Test de vitesse
Test de Thomas
Test de Thompson
Signe de Tinel
Signe de Trendelenburg
Test de Yergason
Les signes de Waddell
Test de Watson
Test de Wilson
Maladie d'Albers-Schonberg
Ostéodystrophie héréditaire d'Albright
Syndrome d'Antley-Bixler
Syndrome d'Apert
Syndrome de Beals
Bechterew
Syndrome de Bruck
Maladie de Camurati
Syndrome de Catel-Manzke
Syndrome de Cole Carpenter
Syndrome de Conradi-Hünermann
Syndrome de Currarino
Syndrome d'Ehlers-Danlos
Syndrome d'Eiken
Syndrome d'Ellis-van Creveld
Déformation de la ﬁole Erlenmeyer
Maladie de Fairbanks
Syndrome de Hajdu-Cheney
Chondrodysplasie métaphysaire de Jansen
Maladie de Kashin-Beck
Syndrome de Klippel-Feil
Syndrome de Klippel
Dysplasie Kniest
Syndrome de Lobstein
Difformité de Madelung
Syndrome de Maffucci
syndrome de Marfan
Maladie de Marie-Strümpell
Syndrome de Marshall
Syndrome de Marshall-Smith
Syndrome de McCune-Albright
Syndrome de Melnick-Needles
L'orteil de Morton
Maladie d'Ollier
Syndrome de Rett
Syndrome de Rubinstein-Taybi
Maladie de Scheuermann
Syndrome de Schwartz-Jampel
Syndrome de Silver
Syndrome de Teunissen
Maladie de Trevor
Syndrome de Wiedemann
Kyste de Baker
Lésion de Bankart
Syndrome de Barré
Maladie de Blount
Abcès de Brodie
Maladie de Chandler
Syndrome de De Quervain
Contracture de Dupuytren
sarcome d'Ewing
Maladie de Freiberg
Ostéomyélite sclérosante de Garre
Maladie de Gorham
Difformité de Haglund
Lésion de Hill
Maladie d'Iselin
Maladie de Kashin-Beck
Maladie de Kienbock
Maladie de Köhler
Syndrome de Legg
Névrome de Morton
La triade d'O'Donoghue
Maladie d'Osgood
Maladie osseuse de Paget
Maladie de Panner
Lésion de Perthes
Maladie de Preiser
Maladie de Sever
Lésion de Stener
Atrophie de Sudeck
Syndrome de Tietze
Contracture de Volkmann
Prothèse Austin Moore
Prothèse de Baksi
Prothèse Charnley
Bar Denis Browne
L'ongle d'Ender
Clou Grosse-Kempf
Canne Harrington
Vis Herbert
Fil de Kirschner
Clou Kuntscher
Épingle de Moore
Prothèse de Neer
Clou Rush
Vis de Schanz
Ongle Seidel
Clou Smith Peterson
Broche de Steinmann
Prothèse Swanson
Clou Talwalkar
Prothèse Thompson
La traction de Bryant
Écarteur de Charnley
Ascenseur Darrach
Pince de Faraboeuf
Scie Gigli
Écarteur Hohmann
Appareil d'Ilizarov
Écarteur Inge
Pince Jungbluth
Pince de Matta
Cadre spatial Taylor
Attelle de Thomas
Pince Verbrugge
Écarteur Volkmann
Pince de Weber
Approche latérale Hardinge
Approche postérieure de Moore
Approche antérieure de la hanche Smith-Petersen
Abord antérolatéral Watson-Jones
L'angle de Baumann
Ligne de Blumensaat
L'angle de Bohler
Angle de Cobb
Les changements de Fairbank
Lignes de Gilula
Lignes Harris
Ligne Hilgenreiner
Échelle de notation Kellgren-Lawrence
Ligne de Klein
Zone des perdants
L'angle de Pauwel
Ligne de Perkin
Ligne de Shenton
Angle de Southwick
Signe de Thurstan Holland
signe de Trethowan
Signe de Terry Thomas
Vue Judet
point de vue de Broden
Loi de Wolff
Loi Hueter-Volkmann
principes de Charley
Hartmann