abcès
abdomen
aberrant
abrasion
abricot
abstinence
acathisie
accident vasculaire cérébral
accomodation
acétonémie
acide aminé
acide gras
acide urique
acidité de l'estomac
acidocétose
acidose
acidose lactique
acné juvénile
acné
acouphène
acrosyanose
acuité
additif
adénite
adénite
adénome de la prostate
adénome
adjuvant
adrénaline
adrénergique
adrénergique
adrénolytique
adsorption
aérobie
aérophagie
aérosol
agalactie
agalaxie
agammaglobulinémie
agitation (motrice + mentale)
agoniste
agranulocytose
ail
akinésie
alcalin
alcaloïde
alcalose
alcoylant
algie vasculaire de la face
algodystrophie
algothérapie
allergène
allergie
allergie
alopécie
alphabloquant
alvéolite
amblyopie
ambolie pulmonaire
aménorrhée primaire
aménorrhée secondaire
aménorrhée
amibe
amibiase
amine
aminoacide
aminoside
ammonium quaternaire
amnésie
amnios
amphétamine
amygdalite
anabolisant
anaérobie
analeptique
analgésique
anal
anamnèse
ananas
anastomose
anatoxine
androgène
anémie anaplasique
anémie aplastique
anémie hémolytique
anémie
anergie
anesthésie
anesthésique
anévrysme
angéite
angine de poitrine
angineux
angine
angiocholite
angioneurotique
angio-oedème
angor
anhydre
anionique
anis
annexite
anogénital
ano-rectal
anorexie mentale
anorexie
anorexigène
anosmie
anosocorie
anovulatoire
anoxie
antagoniste
antalgique
antécédent
antécédent
antérograde
anthelminthique
anthrax
antiacide
antiaggrégant plaquettaire
antiallergique
antiangineux
antiarythmique
antiasthénique
antiasthmatique
antibactérien
antibiogramme
antibiothérapie
antibiotique
antibiotique
anticholinergique
anticoagulant
anticonvulsivant
anticonvulsivant
anticorps
antidépresseur
antidiabétique
antidiurétique
antidopaminergique
antidote
antiémétique
antiémétique
antiépileptique
antiexsudatif
antifibrinolytique
antifongique
antifongique
antigène
antihistaminique
antihistaminique H1
antihistaminique H2
antihistaminique
antihypertenseur
antihypertenseur d'action centrale
antihypertensif
anti-infectieux
anti-inflammatoire
anti-inflammatoire non stéroïdien
anti-inflammatoire stéroïdien
anti-inflammatoire
antimicrobien
antimitotique
antimycosique
antinéoplasique
anti-oedémateux
antioxydant
antiphlogistique
antiproliférant
antiprurigineux
antipsychotique
antipyrétique
antipyrétique
antiseptique
antiseptique
antiseptique
antispasmodique
antispasmodique
antithrombotique
antithyroïdien
antitoxine
antitumoral
antitussif
antitussif
antiviral
antiviral
antivitamine K
anurie
anus artificiel
anus
anxiolytique
anxiolytique
apathie
aphasie
aphte
aplasie médullaire
aplasie
apnée
apoenzyme
appendicite aigüe
arhythmogène
artère coronaire
artériographie
artériolaire
artério-sclérose
artériosclérose
artérioveineux
artérite
arthralgie
arthrite
arthrite aigüe
arthrite
arthropathie
arthrose
arthrose
arthrose
artichaut
articulaire
arythmie
arythmie
ascite
ascite
asepsie
asperge
assister
asthénie fonctionnelle
asthénie
asthme
astringent
asymptomatique
ataxie
athéromatose
athérome
athérosclérose
athétose
athletic-foot
atonie intestinale
atonie
atopique
atoxique
atrio-ventriculaire
atrium
atrophie
atropine
atropinique
atypique
aura
auriculaire
autoimmun
avortement
azoospermie
azotémie
bacille pertussis
bacille
bactéricide
bactériémie
bactériologique
bactériostatique
bactéroïde
bain de bouche
balanite
balnéothérapie
barbiturique
basilic
belladone
bénin
benzodiazépine
bêtabloquant
bêta-bloquant
bêtalactamine
bêtamimétique
bilatéral
biliaire
biochimique
biodégradation
biodisponibilité
bioéquivalent
biopsie
biosynthèse
biphasé
blennoragie
blépharite
bloc auriculo-ventriculaire
borborygme
bourbillon
bourdonnement d'oreille
bradycardie
bradykinésie
bradypnée
bronchectasie
bronche
bronchiole
bronchiolite
bronchique
bronchite
bronchite chronique
bronchoconstriction
bronchodilatation
bronchospasme
bronchospasme
buccal
bucco-pharyngé
bulbaire
bulleux
bursite
cachexie
calcanéum
calcémie
calcification
calciurie
calcul
canal lacrymal
cancer
cancérigène
candidose
candidose
canelle
canule
capacité vitale
capillaire
carcinome
cardiologique
cardiomégalie
cardiomyopathie
cardiomyopathie obstructive
cardiopathie
cardiopulmonaire
cardiorespiratoire
cardiosélectif
cardiotonique
cardiotoxique
cardiovasculaire
carie
carotte
cartilage tarse
castration
catabolisme
catalyser
cataplasme
cataplasme sinapisé
cataracte
catarrhe tubulaire
catarrhe
cathéter
cathétérisme
cathéter
caudal
causal
caustique
cavité
cellulite
céphalée
céphalée
céphalosporine
cérébelleux
cérébral
cérébro-spinal
cérébrovasculaire
cerfeuil
cerise
cérumen
cervical
cétoacidose
chélateur
chélation
chéloïde
chimiorécepteur
chimiothérapeutique
chimiothérapie
chloasma
choc anaphylactique
cholagogue
cholangiographie
cholécystite
cholélithiase
cholérétique
cholestase
cholestérol
choline
chondrocalcinose
chorée
chou
chromosomique
chronique
CH
cicatrisation
cinétique
circulation extracorporelle
circulation
cirrhose
citron
clairance
classique
claudication
climatothérapie
clinique (a et sf)
clitoridien
clitoris
cloaque
clonique
clou de girofle
coagulation intravasculaire disséminée
coagulation
coaguler
cochléaire
coenzyme
coenzyme
coeur pulmonaire
cognitif
coing
coït
col de l'utérus
colibacille
colique hépatique
colique néphrétique
colite
colite spasmodique
collagène
collagène
collapsus cardio-vasculaire
collapsus
colloïdal
collutoire
collyre
colopathie
colorectal
coma léger
coma profond
comateux
comédon
commensal
commotion
compatible
compensation
complément
complexe
complication
concentration
conception
concomitant
concrete
condition
conduction
condylome
condylome
confusion
congénital
congestion
conjonctive
conjonctivite
conjugué
connectivite
conserver
constipation
constituant
constitutionnel
contamination
contention élastique
contraceptif
contraception
contractilité
contracture
contrast medium
contre-indication
contusion
convalescence
convulsion
coordination
coqueluche
cornée
coronaire
corps cétoniques
cortex surrénal
cortex
cortical
corticoïde
corticostéroïde
corticothérapie
cortisone
cortisone
coryza
cosmétique
coxalgie
crampe
crânien
créatinémie
créatinine
cresson
crevasse
cristallisation
crural
cruralgie
cul de sac conjonctival
curariser
curatif
curetage
cushingoïde
cutané
cyanose
cycline
cycloplégie
cyphose
cystine
cystite
cystite
cystoscopie
cytochrome
cytoplasme
cytostatique
cytotoxique
décalcification
décoction
décompensation
décubitus
défécation
défibrillation
déficience
déficit en G6PD
déficit immunitaire
déficit
dégénératif
démence
dendrite
dendritique
dentition
dénutri
dépendance
dépersonnalisation
dépigmentation
déplétion
dépolarisation
dépression nerveuse
dépression respiratoire
dépression
dermatite
dermatite atopique
dermatite herpétiforme
dermatite
dermatologique
dermatomycose
dermatophyte
dermatophytie
dermatophytose
dermatose bulleuse
dermatose
dermatose
derme
dermite cortico-induite
dermite séborrhéique
dermite
dermocorticoïde
dermographisme
désensibilisation
déshydratation
désorientation
desquamation
détection
détergent
DH
diabète
diabète insipide
diabète sucré
diagnostic
dialyse
diaphorèse
diaphragme
diarrhée
diastole
diastolique
diathermie
diathèse
diététique
digestif
digitalique
digitalization
dilatation pupillaire
dilatation
dilution homéopathique
diphtérie
diplopie
discoïde
dislocation
dispositif transdermique
disséminer
distal
distension
distorsion
diurèse
diurétique
diurétique de l'anse
diurne
diverticule
diverticulite
diverticulose
dominance
donneur
dopage
dorsalgie
dorsal
dose croissante
double aveugle
douche
drainage
draineur
duodénum
dure-mère
dynamisation
dysarthrie
dyscrasie
dysenterie
dysfonctionnement
dysgénésie
dysgueusie
dysidrose
dyskinésie
dyskinésie
dyslexie
dysménorrhée
dysménorrhée
dyspareunie
dyspepsie
dysphagie
dysphorie
dysplasie
dyspnée
dystonie
dystrophie
dysurie
ecchymose
ecchymose
echographie
éclampsie
ectopique
eczéma
eczéma atopique
eczéma de contact
effet antabuse
effet secondaire
effet
électif
électrocardiographie
électroencephalographie
électrolyte
électrophysiologique
embolie
émétique
émollient
emphysème
emphysème
empirique
empyème
émulsifier
émulsionner
émulsion
énanthème
encéphalite
encéphalopathie
endémique
endocardite bactérienne
endocardite
endocrine
endocrinien
endocrinologie
endogène
endomètre
endométriose
endométriose
endoscopie
endothélium
endotoxique
entérite
entérocolite
enterohépatique
énurèse
enurésie primaire
enurésie secondaire
enzyme
enzyme pancréatiqueenzymes pancréatiques
éosinophilie
épicondylite
épidémiologique
épidémique
épiderme
épidermique
épidural
épigastralgie
épigastre
épigastrique
épiglotite
épilepsie
épiphysaire
épisiotomie
épistaxis
épithélioma
épithélium
équivalent-gramme
ergot de seigle
ergothérapie
ergotisme
érosion
éructation
éruption
érysipèle
érythème fessier
érythème
érythrasma
érythropoïèse
escarre
estragon
étiologie
euphorie
exacerbation
exanthème
excipient
excrétion
exfoliation
exocrine
exogène
exophtalmie
expectorant
expectorant
exsudat
extension
extrapyramidal
extrarénal
extrasystole
extravasation
extravasculaire
extrémité(s)
extrsystole
facial
fasciculation
fatal
fébrile
fécalome
fécal
fèces
fémoral
fenouil
ferments lactiques
ferriprive
fibrillation
fibrinémie
fibrine
fibrinogène
fibrinolyse
fibrinolytique
fibrome
fibrose kystique
fibrose
figue
filtration
fissure anale
fissure
fistule
fixation
flaccide
flatulence
flexion
flore digestive
flore vaginale
flutter
foetal
foeto-placentaire
foeto-toxique
foetus
foie
folliculite
fonctionnel
fongicide
fongistatique
fongus
fontanelle
fraise
fréquence
frigidité
furoncle
furonculose
galactorrhée
galactosémie
galénique
ganglion
gangrène
gargarisme
gastralgie
gastrite
gastrite
gastro- duodénal
gastro-entérite
gastro-intestinal
gastro-oesophagien
gastrorésistant
gène suppresseur
genièvre
génital
génito-urinaire
gériatrique
germe
gestation
gingivite
glaire cervicale
glande endocrine
glaucome
glaucome à angle fermé
glaucome à angle ouvert
glaucome aigu
glaucome
globule blanc
globule rouge
glomérulaire
glomerulonéphrite
glossalgie
glossite
glossodynie
glotte
glucide
glucide complexe
glucide simple
glucose
glucoside
glucosurie
gluten
glycémie
glycosurie
goitre
gonadique
gonadotrope
gonioscopie
gonocoque
gonorrhée
goutte
goutte
graduel
gram-négatif
gram-positif
grand mal
granulocytopénie
granulome annulaire
gravidité
grippe
gynécologique
gynécomastie
gynécomastie
haricot sec
hématémèse
hématologique
hématome
hématurie
héméralopie
hémiplégie
hémodialyse
hémoglobine
hémolyse
hémopathie
hémophilie
hémopoïétique
hémoptysie
hémorragie
hémorroïde
hémorroïde
hémostase
hémostatique
hépatique
hépatite
hépatite virale
hépato-biliaire
hépato-cellulaire
hépatomégalie
hépatotoxique
hermétique
hernie discale
hernie hiatale
hernie
herpès zoster
herpès
hiatus
hirsutisme
histamine
histaminique
histogenèse
histologie
histologique
histolyse
homéopathie
homéostasie
hormonal
hormone
hormone adrénocorticotrope
hormone androgène
hormone thyroïdienne
huméral
huméro-scapulaire
humoral
hydrate de carbone
hydro-alcoolique
hydrocéphalie
hydrolyse
hydrophile
hydrophobe
hydrothérapie
hyperaldostéronisme
hyperalgésie
hyperalgie
hyperbare
hypercapnie
hypercinésie
hyperémèse
hyperémie
hyperesthésie
hyperglycémie
hyperhidrose
hyperkaliémie
hyperkératose
hyperkinésie
hyperlipémie
hyperlipidémie
hyperostose
hyperplasie
hyperpyrexie
hyperréflectivité
hypersécrétion
hyperstimulation
hypertension
hyperthermie
hyperthyroïdie
hypertonie
hypertrichose
hypertrophie
hyperuricémie
hyperventilation
hypervitaminose
hypervolémie
hypnotique
hypoacousie
hypocondrie
hypodermique
hypoglycémie
hypogonadisme
hypokaliémie
hypomanie
hypophysaire
hypoplasie
hypotension
hypothalamique
hypothermie
hypothyroïdie
hypotonie
hypotrophie
hypouricémie
hypoventilation
hypovitaminose
hypovolémie
hypoxémie
hypoxie
hystérectomie
hystérie de conversion
iatrogène
ichtyose
ictère
identification
idiopathique
idiosyncrasie
iléite
iléus
immaturité
immobilisation
immunisation
immunité
immunogène
immunologique
immunosuppresseur
immun
impétigo
implantation
imprégnation
inadapté
incarcération
incident
incision
incontinence
incorporation
incubation
indicatif
induration
inertie
infantile
infarctus
infection
infiltration
inflammation
ingestion
inguinal
inhalation
inhérent
inhibition
injecter
injection
innervation
inorganique
inotrope
in situ
inspiration
instabilité
instillation
insuffisance médulaire
interindividuel
intermittent
interstitiel
intertrigo
intervertébral
intolérance
intoxication
intra-individuel
intramusculaire
intra-oculaire
intrathécal
intravasculaire
intraveineux
intrinsèque
intubation
invasif
in vitro
in vivo
involution
ionisation
ionogramme
irido-cyclite
iritis
irritation
ischémie
jéjunum
kératinisé
kératite
kérato-conjonctivite
kératolytique
koïlonychie
kyste
labile
lacération
lacrymal
lactation
laryngite
lassitude
latence
latéral
lenticulaire
létal
léthargie
leucémie
leucocytaire
leucocytose
leucopénie
leucoplasie
leucorrhée
lichénification
limbique
linéaire
lipide
lipodystrophie
lipophile
lipoprotéine
lithiase urinaire
livédo
lobe
localisation
lochies
locomoteur
locorégional
lombaire
luétique
lumbago
luxation
lymphadénopathie
lymphangite
lymphocytaire
lymphome
lytique
macération
macule
maculo-papuleux
malabsorption
maladie d'Addison
maladie de Basedow
maladie de Crohn
maladie de Dupuytren
maladie de Raynaud
malin
mammaire
maniaque
massothérapie
masticateur
mastite
mastocyte
mastodynie
mastoïdite
maxillaire
médian
médiateur
médiat
médicinal
médullaire
mégacôlon
mégaloblastique
mélaena
mélanome
mélanose
membrane cellulaire
membrane
ménarche
méningite
ménopause
ménorragie
menstruation
menthe
mésentérique
métabolisme
métabolite
métaplasie
métastase
météorisme
méthémoglobinémie
métrorragie
micelle
microgramme
micrographie
micro-organisme
microrragie
microsporon
miction
miction
migraine
minéralisation
minéralocorticoïde
miscible
mitose
mobilisation
monitorage
monovalente
morphinomimétique
moteur
motilité
moutarde
muco-cutané
mucolytique
muco-purulent
mucus
muguet
multipare
muscade
mutagène
mutation
myalgie
myasthénie
mycobactérie
mycologique
mycose du pied
mycose
mycosique
mydriatique
myélome multiple
myélome
myélotoxique
myocarde
myocardite
myopathie
myorelaxant
myosite
myotique
nadir
narcotique
nasal
natriurésie
nausée
navet
nécrolyse
nécrose
néonatal
néoplastique
néphrite
néphrolithe
néphropathie gravidique
néphropathie
néphrotique
néphrotoxique
neural
neuroleptique
neurologique
neuromusculaire
neuronal
neuropathie
neurotoxique
neurotransmetteur
neurovégétatif
neutropénie
neutrophile
névralgie
névrite
névrodermite
névrosé
nihil
nocif
nocturne
normaliser
normotendu
nosocomial
noueux
nullipare
nummulaire
nystagmus
obèse
obésité
objectif
obstetrical
obstétrique
occlusion
oculaire
oculogyre
oedème
oesophagite
oestrogène
oestrogène
oignon
oligo-éléments
oligo-élément
oligoménorrhée
oligothérapie
oligurie
oncolytique
oncotique
onyxis
oophorectomie
opalescent
ophtalmique
ophtalmologique
opiacé
opisthotonos
opportuniste
optimal
optique
orange
orbitaire
orchite
ordonnance
orgasme
orofacial
orthopédique
orthostatique
osmolalité
osmolarité
osmose
osmotique
osselet
ossification
ostéoarthrite
ostéodystrophie
ostéolyse
ostéomalacie
ostéomyélite
ostéoporose
ostéotomie
otite
oto-rhino-laryngologie
otorrhée
otosclérose
ototoxique
ovaire
ovariectomie
ovarien
overdose
ovulation
ovule
oxydation
oxygénation
oxytocique
palliatif
palpébral
palpitation
pancréatite
pancytopénie
panniculite
papillaire
papillaire
papillite
papillite
paprika
papule
paracentèse
paradoxal
paranoïa
paraplégie
parasitaire
parasympathomimétique
paraveineuse
parenchyme
parentéral
parésie
paresthésie
parotidite
paroxysmal
paroxysmique
parturition
pathogène
pathologique
pédiatrique
pédiculose
pédriatrie
pelvien
pemphigus
pénicillinase
pénis
peptique
percutané
pérenne
perfusion de sang
perfusion
périanal
périarthrite
péricardite
périnatal
périnéal
périonyxis
periopératoire
périoral
périorbitaire
péristaltisme
péritonite
périvasculaire
pernicieuse
peroral
persil
perspiration
perversion
pessaire
pétéchie
petit mal
phagocytose
phallique
pharmacocinétique
pharmacodynamie
pharmacodynamique
pharmacologie
pharmacologique
pharmacopée
pharmacothérapie
pharyngite
phénomène
phlébite
phlébographie
phlegmon
phobie
photophobie
photosensibilisation
photosensibilité
physicochimique
physiologique
phytothérapie
pH
pigmentation
piloérection
pityriasis
placebo
placenta
plaque dentaire
plasmatique
plasminogène
pleurésie
plexus
pneumonie
pneumopathie
poireau
poivre
polyarthrite
polydipsie
polymorphe
polynévrite
polypeptide
polyurie
polyvalente
polyvalent
pomme
porphyrie
postménopausique
postopératoire
post-partum
postprandial
posttraumatique
postural
potentialisation
potentiation
précipitation
préclinique
précordial
précurseur
prédisposition
prématuré
prémédication
prémenstruel
préopératoire
prépuce
présentation
pression diastolique
pression systolique
présynaptique
priapisme
primaire
privation
processus
proctite
produit lyophilisé
progestatif
progressif
prolapsus
prolifération
pronostic
prophylaxie
proportionnel
propulsif
prostaglandine
prostatisme
prostatite
protéase
protéine
protéolytique
prothèse
prothrombine
protozoaire
protrusion
proximal
prurigineux
prurit
pseudo-membraneux
pseudo-tumeur
psoriasis
psychanalyse
psychiatrique
psychogénétique
psychogène
psycholeptique
psychomoteur
psychose
psychosomatique
psychothérapie
psychotrope
puerpéralité
pulsation
purpura
purulent
pustuleux
pyélite
pyélonéphrite
pylore
pyodermite
pyogène
pyogène
pyrexie
pyrogène
pyrosis
quiescent
rachitisme
radiothérapie
raifort
raisin
raucité
réabsorption
réactif
rebond
récepteur alpha
receveur universel
récidivant
recoonvalescence
rectal
récurrent
réévaluation
réflectif
reflux
réfractaire
régénération
région
régurgitation
réinfection
relaxation
rémission
rénal
rénine
renouvellement
rénovasculaire
répétitif
réponse
résection
résorption
retard
rétention
rétinien
rétinopathie
rétraction
retrait
rétrobulbaire
rétrocontrôle
rétrosternal
révulsif
rhagade
rhinite
rhinolacrymal
rhinopharyngite
rhinorrhée
rhumatoïde
rigidité
romarin
ronchus
rubéole
salicylisme
salidiurétique
salin
salpingite
salurétique
saprophyte
sarcome
sariette
sauge
scabies
scarlatine
schizophrénie
sciatique
sclère
sclérose en plaques
sclérose
scotome
séborrhée
secondaire
sédatif
sédimentation
sédiment
segment
sélectif
sels minéraux
semi-synthétique
septicémie
septique
septum
séquestre
sérologique
séroprotection
serpolet
sérum isotonique
sérum
shunt
sigmoïde
signifiant
sinusal
sinusite
soja
soléaire
solvant
somatique
somatique
somatisation
somatotrophine
sophrologie
soporifique
souffle
sous-arachnoïdien
sous-capsulaire
sous-conjonctival
sous-cutané
spasme
spasmodique
spasmolytique
spasticité
spastique
spermatogenèse
spermicide
sphincter
spinal
splénomegalie
spondylite
spray
sputum
squameux
squelettique
staphylocoque
stase
stéatorrhée
stéatose
sténose
stérilisation
stéroïde
stimulant
stimulateur cardiaque
stomatite
stomatologique
strie
structural
struma
stupeur
subaigu
subclinique
subjectif
sublingual
succédané de plasma
sucre inverti
supination
suppuration
supraventriculaire
surinfection
surrénal
sympathique
sympathomimétique
symptomatique
symptomatologie
synaptique
syncope
syndrome de Cushing
syndrome
synergique
synovial
synovite
systémique
systole
systolique
tachyarythmie
tachycardie
tachycardie
tachyphylaxie
tarse
tartre
taux de mortalité
tégumentaire
télangiectasie
tendineux
tendinite
tendon
tendon d'Achille
ténesme
ténosynovite
tensioactif
teratogène
tératologique
terrain atopique
testiculaire
testicule
tétanie
tétanos
thalamus
thalassothérapie
thérapeutique
thérapie
thermorégulation
thoracique
thrombectomie
thrombine
thromboangéite oblitérante juvénile
thrombocyte
thrombocytopénie
thrombocytopénie
thrombocytose
thrombo-embolie
thrombolyse
thrombolytique
thrombophlébite
thrombose
thrombus
thym
thyréostatique
thyréotoxicose
titre
tolérance
tomographie
tonique
tonsillite
tophus
topique
torsade de pointe
torticolis
toxémie
toxicité
toxicologique
toxine
toxique
toxoplasmose
trachéite
trachome
tractus
transaminase
transcutané
transitoire
transit
transmission
transurétral
traumatique
tremblement intentionnel
trémor
tricyclique
trismus
trivalent
trompe d'Eustache
trophique
tuberculeux
tuberculostatique
tubulaire
tuméfaction
ulcératif
ulcération
ulcère peptique
ulcère
ulcérogène
unilatéral
urémie
uretère
urétrite
uricosurique
urinaire
uro-génital
urographie
urticaire
uvéite
vaccine
vagal
vaginal
vagolytique
vagotonie
validité
valvule
varicelle
varice
vasculaire
vascularite
vaso-constriction
vaso-dilatation
vasomoteur
vaso-presseur
vasopressine
veineux
vénérien
ventral
ventriculaire
vertébral
vertébrothérapie
vésiculaire
vestibulaire
viral
virilisation
viscéral
viscosité
vulvaire
vulvo-vaginite
xanthome
xanthopsie
xérophtalmie
xérostomie
yoga
zona

CRP
Glucose
homéostasie
glucidique
diabétique
Urée
Créatinine
Acide urique
Sodium
Potassium
Chlorures
Bicarbonate
Calcium
Phosphore
Magnésium
Protéines plasmatiques totales
Bilirubine totale
Bilirubine directe
CK
LDH
GOT
AST
GPT
ALT
Hématologie
Hémoglobine
Hématocrite
Vol. glob. moyen
MCV
Charge moy. en Hb.
MCH
Conc. moy. en Hb
MCHC
Globules rouges
Globules blancs
Neutrophiles
Eosinophiles
Basophiles
Monocytes
Lymphocytes
Neutro
Eosino
Numération
Baso
Numérat.
Monocy.
Lympho
Plaquettes
Volume plaquettaire
PDW
Fer
Ferritine
Séro
Sérologie
Biol mol
Biologie molléculaire
Culture
virus
bactérie
Sérum
Hépatite
Hépatite A
HAV
HAV Ac totaux
MEIA
Hépatite B
HBV
MEIA
Hépatite C
HCV
HIV
Blastes
Cellulaires
Cellulaire
Cellule


